Component: ARM Compiler 5.06 update 7 (build 960) Tool: armlink [4d3601]

==============================================================================

Section Cross References

    main.o(.text) refers to variable.o(.text) for ALL_Init
    main.o(.text) refers to dictionary.o(.text) for TLY_init
    main.o(.text) refers to servo.o(.text) for pill_Servo
    main.o(.text) refers to command.o(.text) for Car_run_1
    main.o(.text) refers to uart3.o(.text) for uart3_init
    main.o(.text) refers to uart4.o(.text) for uart4_init
    main.o(.text) refers to motor.o(.text) for motion
    main.o(.text) refers to main.o(.data) for flag
    system_stm32f4xx.o(.text) refers to system_stm32f4xx.o(.data) for SystemCoreClock
    startup_stm32f40_41xxx.o(RESET) refers to startup_stm32f40_41xxx.o(STACK) for __initial_sp
    startup_stm32f40_41xxx.o(RESET) refers to startup_stm32f40_41xxx.o(.text) for Reset_Handler
    startup_stm32f40_41xxx.o(RESET) refers to stm32f4xx_it.o(.text) for NMI_Handler
    startup_stm32f40_41xxx.o(RESET) refers to ult.o(.text) for TIM1_CC_IRQHandler
    startup_stm32f40_41xxx.o(RESET) refers to uart1.o(.text) for USART1_IRQHandler
    startup_stm32f40_41xxx.o(RESET) refers to uart2.o(.text) for USART2_IRQHandler
    startup_stm32f40_41xxx.o(RESET) refers to uart3.o(.text) for USART3_IRQHandler
    startup_stm32f40_41xxx.o(RESET) refers to timer.o(.text) for TIM8_UP_TIM13_IRQHandler
    startup_stm32f40_41xxx.o(RESET) refers to uart4.o(.text) for UART4_IRQHandler
    startup_stm32f40_41xxx.o(.text) refers to system_stm32f4xx.o(.text) for SystemInit
    startup_stm32f40_41xxx.o(.text) refers to entry.o(.ARM.Collect$$$$00000000) for __main
    stm32f4xx_adc.o(.text) refers to stm32f4xx_rcc.o(.text) for RCC_APB2PeriphResetCmd
    stm32f4xx_can.o(.text) refers to stm32f4xx_rcc.o(.text) for RCC_APB1PeriphResetCmd
    stm32f4xx_cryp.o(.text) refers to stm32f4xx_rcc.o(.text) for RCC_AHB2PeriphResetCmd
    stm32f4xx_cryp_aes.o(.text) refers to stm32f4xx_cryp.o(.text) for CRYP_KeyStructInit
    stm32f4xx_cryp_des.o(.text) refers to stm32f4xx_cryp.o(.text) for CRYP_KeyStructInit
    stm32f4xx_cryp_tdes.o(.text) refers to stm32f4xx_cryp.o(.text) for CRYP_KeyStructInit
    stm32f4xx_dac.o(.text) refers to stm32f4xx_rcc.o(.text) for RCC_APB1PeriphResetCmd
    stm32f4xx_dma2d.o(.text) refers to stm32f4xx_rcc.o(.text) for RCC_AHB1PeriphResetCmd
    stm32f4xx_fsmc.o(.text) refers to stm32f4xx_fsmc.o(.constdata) for FSMC_DefaultTimingStruct
    stm32f4xx_gpio.o(.text) refers to stm32f4xx_rcc.o(.text) for RCC_AHB1PeriphResetCmd
    stm32f4xx_hash.o(.text) refers to stm32f4xx_rcc.o(.text) for RCC_AHB2PeriphResetCmd
    stm32f4xx_hash_md5.o(.text) refers to stm32f4xx_hash.o(.text) for HASH_DeInit
    stm32f4xx_hash_sha1.o(.text) refers to stm32f4xx_hash.o(.text) for HASH_DeInit
    stm32f4xx_i2c.o(.text) refers to stm32f4xx_rcc.o(.text) for RCC_APB1PeriphResetCmd
    stm32f4xx_ltdc.o(.text) refers to stm32f4xx_rcc.o(.text) for RCC_APB2PeriphResetCmd
    stm32f4xx_pwr.o(.text) refers to stm32f4xx_rcc.o(.text) for RCC_APB1PeriphResetCmd
    stm32f4xx_rcc.o(.text) refers to stm32f4xx_rcc.o(.data) for APBAHBPrescTable
    stm32f4xx_rng.o(.text) refers to stm32f4xx_rcc.o(.text) for RCC_AHB2PeriphResetCmd
    stm32f4xx_sai.o(.text) refers to stm32f4xx_rcc.o(.text) for RCC_APB2PeriphResetCmd
    stm32f4xx_sdio.o(.text) refers to stm32f4xx_rcc.o(.text) for RCC_APB2PeriphResetCmd
    stm32f4xx_spi.o(.text) refers to stm32f4xx_rcc.o(.text) for RCC_APB2PeriphResetCmd
    stm32f4xx_syscfg.o(.text) refers to stm32f4xx_rcc.o(.text) for RCC_APB2PeriphResetCmd
    stm32f4xx_tim.o(.text) refers to stm32f4xx_rcc.o(.text) for RCC_APB2PeriphResetCmd
    stm32f4xx_usart.o(.text) refers to stm32f4xx_rcc.o(.text) for RCC_APB2PeriphResetCmd
    stm32f4xx_wwdg.o(.text) refers to stm32f4xx_rcc.o(.text) for RCC_APB1PeriphResetCmd
    delay.o(.text) refers to misc.o(.text) for SysTick_CLKSourceConfig
    delay.o(.text) refers to delay.o(.data) for fac_us
    beep.o(.text) refers to stm32f4xx_rcc.o(.text) for RCC_AHB1PeriphClockCmd
    beep.o(.text) refers to stm32f4xx_gpio.o(.text) for GPIO_Init
    command.o(.text) refers to bsp_pid.o(.text) for speed_pid_set
    command.o(.text) refers to motor.o(.text) for motion
    command.o(.text) refers to servo.o(.text) for single_set
    command.o(.text) refers to delay.o(.text) for delay_ms
    command.o(.text) refers to main.o(.data) for flag
    command.o(.text) refers to ult.o(.bss) for Sonic_Dis
    command.o(.text) refers to command.o(.data) for servo_handle
    command.o(.text) refers to stm32f4xx_tim.o(.text) for TIM_Cmd
    command.o(.text) refers to encode.o(.data) for TIM3_sumcode
    command.o(.text) refers to timer.o(.data) for Encoder_Timer3_sum
    command.o(.text) refers to stm32f4xx_usart.o(.text) for USART_SendData
    command.o(.text) refers to uart4.o(.data) for flag_openmv
    motor.o(.text) refers to stm32f4xx_rcc.o(.text) for RCC_AHB1PeriphClockCmd
[...]
    Removing command.o(.rev16_text), (4 bytes).
    Removing command.o(.revsh_text), (4 bytes).
    Removing bsp_pid.o(.rev16_text), (4 bytes).
    Removing bsp_pid.o(.revsh_text), (4 bytes).
    Removing motor.o(.rev16_text), (4 bytes).
    Removing motor.o(.revsh_text), (4 bytes).
    Removing m_pwm.o(.rev16_text), (4 bytes).
    Removing m_pwm.o(.revsh_text), (4 bytes).
    Removing ult.o(.rev16_text), (4 bytes).
    Removing ult.o(.revsh_text), (4 bytes).
    Removing servo.o(.rev16_text), (4 bytes).
    Removing servo.o(.revsh_text), (4 bytes).
    Removing encode.o(.rev16_text), (4 bytes).
    Removing encode.o(.revsh_text), (4 bytes).
    Removing switch.o(.rev16_text), (4 bytes).
    Removing switch.o(.revsh_text), (4 bytes).
    Removing key.o(.rev16_text), (4 bytes).
    Removing key.o(.revsh_text), (4 bytes).
    Removing led.o(.rev16_text), (4 bytes).
    Removing led.o(.revsh_text), (4 bytes).
    Removing timer.o(.rev16_text), (4 bytes).
    Removing timer.o(.revsh_text), (4 bytes).
    Removing oled.o(.rev16_text), (4 bytes).
    Removing oled.o(.revsh_text), (4 bytes).
    Removing uart1.o(.rev16_text), (4 bytes).
    Removing uart1.o(.revsh_text), (4 bytes).
    Removing uart2.o(.rev16_text), (4 bytes).
    Removing uart2.o(.revsh_text), (4 bytes).
    Removing uart3.o(.rev16_text), (4 bytes).
    Removing uart3.o(.revsh_text), (4 bytes).
    Removing uart3.o(.bss), (200 bytes).
    Removing uart4.o(.rev16_text), (4 bytes).
    Removing uart4.o(.revsh_text), (4 bytes).
    Removing uart4.o(.bss), (200 bytes).
    Removing dictionary.o(.rev16_text), (4 bytes).
    Removing dictionary.o(.revsh_text), (4 bytes).
    Removing variable.o(.rev16_text), (4 bytes).
    Removing variable.o(.revsh_text), (4 bytes).
    Removing qr_num.o(.rev16_text), (4 bytes).
    Removing qr_num.o(.revsh_text), (4 bytes).

155 unused section(s) (total 28914 bytes) removed from the image.

==============================================================================

Image Symbol Table

    Local Symbols

    Symbol Name                              Value     Ov Type        Size  Object(Section)

    ../clib/../cmprslib/zerorunl2.c          0x00000000   Number         0  __dczerorl2.o ABSOLUTE
    ../clib/microlib/division.c              0x00000000   Number         0  ldiv.o ABSOLUTE
    ../clib/microlib/division.c              0x00000000   Number         0  uldiv.o ABSOLUTE
    ../clib/microlib/init/entry.s            0x00000000   Number         0  entry8b.o ABSOLUTE
    ../clib/microlib/init/entry.s            0x00000000   Number         0  entry.o ABSOLUTE
    ../clib/microlib/init/entry.s            0x00000000   Number         0  entry9b.o ABSOLUTE
    ../clib/microlib/init/entry.s            0x00000000   Number         0  entry10a.o ABSOLUTE
    ../clib/microlib/init/entry.s            0x00000000   Number         0  entry2.o ABSOLUTE
    ../clib/microlib/init/entry.s            0x00000000   Number         0  entry5.o ABSOLUTE
    ../clib/microlib/init/entry.s            0x00000000   Number         0  entry10b.o ABSOLUTE
    ../clib/microlib/init/entry.s            0x00000000   Number         0  entry7a.o ABSOLUTE
    ../clib/microlib/init/entry.s            0x00000000   Number         0  entry7b.o ABSOLUTE
    ../clib/microlib/init/entry.s            0x00000000   Number         0  entry11a.o ABSOLUTE
    ../clib/microlib/init/entry.s            0x00000000   Number         0  entry9a.o ABSOLUTE
    ../clib/microlib/init/entry.s            0x00000000   Number         0  entry11b.o ABSOLUTE
    ../clib/microlib/init/entry.s            0x00000000   Number         0  entry12a.o ABSOLUTE
    ../clib/microlib/init/entry.s            0x00000000   Number         0  entry12b.o ABSOLUTE
    ../clib/microlib/init/entry.s            0x00000000   Number         0  entry8a.o ABSOLUTE
    ../clib/microlib/longlong.c              0x00000000   Number         0  llshl.o ABSOLUTE
    ../clib/microlib/longlong.c              0x00000000   Number         0  llushr.o ABSOLUTE
    ../clib/microlib/longlong.c              0x00000000   Number         0  llsshr.o ABSOLUTE
    ../clib/microlib/stubs.s                 0x00000000   Number         0  iusefp.o ABSOLUTE
    ../fplib/microlib/f2d.c                  0x00000000   Number         0  f2d.o ABSOLUTE
    ../fplib/microlib/fpadd.c                0x00000000   Number         0  dadd.o ABSOLUTE
    ../fplib/microlib/fpdiv.c                0x00000000   Number         0  ddiv.o ABSOLUTE
    ../fplib/microlib/fpepilogue.c           0x00000000   Number         0  depilogue.o ABSOLUTE
    ../fplib/microlib/fpfix.c                0x00000000   Number         0  dfixi.o ABSOLUTE
    ../fplib/microlib/fpflt.c                0x00000000   Number         0  dflti.o ABSOLUTE
    ../fplib/microlib/fpmul.c                0x00000000   Number         0  dmul.o ABSOLUTE
    ..\CORE\startup_stm32f40_41xxx.s         0x00000000   Number         0  startup_stm32f40_41xxx.o ABSOLUTE
    ..\FWLIB\src\misc.c                      0x00000000   Number         0  misc.o ABSOLUTE
    ..\FWLIB\src\stm32f4xx_adc.c             0x00000000   Number         0  stm32f4xx_adc.o ABSOLUTE
    ..\FWLIB\src\stm32f4xx_can.c             0x00000000   Number         0  stm32f4xx_can.o ABSOLUTE
    ..\FWLIB\src\stm32f4xx_crc.c             0x00000000   Number         0  stm32f4xx_crc.o ABSOLUTE
    ..\FWLIB\src\stm32f4xx_cryp.c            0x00000000   Number         0  stm32f4xx_cryp.o ABSOLUTE
    ..\FWLIB\src\stm32f4xx_cryp_aes.c        0x00000000   Number         0  stm32f4xx_cryp_aes.o ABSOLUTE
    ..\FWLIB\src\stm32f4xx_cryp_des.c        0x00000000   Number         0  stm32f4xx_cryp_des.o ABSOLUTE
    ..\FWLIB\src\stm32f4xx_cryp_tdes.c       0x00000000   Number         0  stm32f4xx_cryp_tdes.o ABSOLUTE
    ..\FWLIB\src\stm32f4xx_dac.c             0x00000000   Number         0  stm32f4xx_dac.o ABSOLUTE
    ..\FWLIB\src\stm32f4xx_dbgmcu.c          0x00000000   Number         0  stm32f4xx_dbgmcu.o ABSOLUTE
    ..\FWLIB\src\stm32f4xx_dcmi.c            0x00000000   Number         0  stm32f4xx_dcmi.o ABSOLUTE
    ..\FWLIB\src\stm32f4xx_dma.c             0x00000000   Number         0  stm32f4xx_dma.o ABSOLUTE
    ..\FWLIB\src\stm32f4xx_dma2d.c           0x00000000   Number         0  stm32f4xx_dma2d.o ABSOLUTE
    ..\FWLIB\src\stm32f4xx_exti.c            0x00000000   Number         0  stm32f4xx_exti.o ABSOLUTE
    ..\FWLIB\src\stm32f4xx_flash.c           0x00000000   Number         0  stm32f4xx_flash.o ABSOLUTE
    ..\FWLIB\src\stm32f4xx_flash_ramfunc.c   0x00000000   Number         0  stm32f4xx_flash_ramfunc.o ABSOLUTE
    ..\FWLIB\src\stm32f4xx_fsmc.c            0x00000000   Number         0  stm32f4xx_fsmc.o ABSOLUTE
    ..\FWLIB\src\stm32f4xx_gpio.c            0x00000000   Number         0  stm32f4xx_gpio.o ABSOLUTE
    ..\FWLIB\src\stm32f4xx_hash.c            0x00000000   Number         0  stm32f4xx_hash.o ABSOLUTE
    ..\FWLIB\src\stm32f4xx_hash_md5.c        0x00000000   Number         0  stm32f4xx_hash_md5.o ABSOLUTE
    ..\FWLIB\src\stm32f4xx_hash_sha1.c       0x00000000   Number         0  stm32f4xx_hash_sha1.o ABSOLUTE
    ..\FWLIB\src\stm32f4xx_i2c.c             0x00000000   Number         0  stm32f4xx_i2c.o ABSOLUTE
    ..\FWLIB\src\stm32f4xx_iwdg.c            0x00000000   Number         0  stm32f4xx_iwdg.o ABSOLUTE
    ..\FWLIB\src\stm32f4xx_ltdc.c            0x00000000   Number         0  stm32f4xx_ltdc.o ABSOLUTE
    ..\FWLIB\src\stm32f4xx_pwr.c             0x00000000   Number         0  stm32f4xx_pwr.o ABSOLUTE
    ..\FWLIB\src\stm32f4xx_rcc.c             0x00000000   Number         0  stm32f4xx_rcc.o ABSOLUTE
    ..\FWLIB\src\stm32f4xx_rng.c             0x00000000   Number         0  stm32f4xx_rng.o ABSOLUTE
    ..\FWLIB\src\stm32f4xx_rtc.c             0x00000000   Number         0  stm32f4xx_rtc.o ABSOLUTE
    ..\FWLIB\src\stm32f4xx_sai.c             0x00000000   Number         0  stm32f4xx_sai.o ABSOLUTE
    ..\FWLIB\src\stm32f4xx_sdio.c            0x00000000   Number         0  stm32f4xx_sdio.o ABSOLUTE
    ..\FWLIB\src\stm32f4xx_spi.c             0x00000000   Number         0  stm32f4xx_spi.o ABSOLUTE
    ..\FWLIB\src\stm32f4xx_syscfg.c          0x00000000   Number         0  stm32f4xx_syscfg.o ABSOLUTE
    ..\FWLIB\src\stm32f4xx_tim.c             0x00000000   Number         0  stm32f4xx_tim.o ABSOLUTE
    ..\FWLIB\src\stm32f4xx_usart.c           0x00000000   Number         0  stm32f4xx_usart.o ABSOLUTE
    ..\FWLIB\src\stm32f4xx_wwdg.c            0x00000000   Number         0  stm32f4xx_wwdg.o ABSOLUTE
    ..\HARDWARE\FILTER\filter.c              0x00000000   Number         0  filter.o ABSOLUTE
    ..\HARDWARE\JY901\UART1.c                0x00000000   Number         0  uart1.o ABSOLUTE
    ..\HARDWARE\JY901\UART2.c                0x00000000   Number         0  uart2.o ABSOLUTE
    ..\HARDWARE\LED\led.c                    0x00000000   Number         0  led.o ABSOLUTE
    ..\HARDWARE\PID\bsp_pid.c                0x00000000   Number         0  bsp_pid.o ABSOLUTE
    ..\HARDWARE\QR_num\qr_num.c              0x00000000   Number         0  qr_num.o ABSOLUTE
    ..\HARDWARE\Time\timer.c                 0x00000000   Number         0  timer.o ABSOLUTE
    ..\HARDWARE\USART3\UART3.c               0x00000000   Number         0  uart3.o ABSOLUTE
    ..\HARDWARE\USART4\UART4.c               0x00000000   Number         0  uart4.o ABSOLUTE
    ..\HARDWARE\beep\beep.c                  0x00000000   Number         0  beep.o ABSOLUTE
    ..\HARDWARE\command\command.c            0x00000000   Number         0  command.o ABSOLUTE
    ..\HARDWARE\dictionary\dictionary.c      0x00000000   Number         0  dictionary.o ABSOLUTE
    ..\HARDWARE\encode\encode.c              0x00000000   Number         0  encode.o ABSOLUTE
    ..\HARDWARE\key\key.c                    0x00000000   Number         0  key.o ABSOLUTE
    ..\HARDWARE\motor\motor.c                0x00000000   Number         0  motor.o ABSOLUTE
    ..\HARDWARE\motor_pwm\M_pwm.c            0x00000000   Number         0  m_pwm.o ABSOLUTE
    ..\HARDWARE\oled\oled.c                  0x00000000   Number         0  oled.o ABSOLUTE
    ..\HARDWARE\servo\servo.c                0x00000000   Number         0  servo.o ABSOLUTE
    ..\HARDWARE\switch\switch.c              0x00000000   Number         0  switch.o ABSOLUTE
    ..\HARDWARE\ultrasonic\ult.c             0x00000000   Number         0  ult.o ABSOLUTE
    ..\SYSTEM\delay\delay.c                  0x00000000   Number         0  delay.o ABSOLUTE
    ..\SYSTEM\sys\sys.c                      0x00000000   Number         0  sys.o ABSOLUTE
    ..\\FWLIB\\src\\misc.c                   0x00000000   Number         0  misc.o ABSOLUTE
    ..\\FWLIB\\src\\stm32f4xx_adc.c          0x00000000   Number         0  stm32f4xx_adc.o ABSOLUTE
    ..\\FWLIB\\src\\stm32f4xx_can.c          0x00000000   Number         0  stm32f4xx_can.o ABSOLUTE
    ..\\FWLIB\\src\\stm32f4xx_crc.c          0x00000000   Number         0  stm32f4xx_crc.o ABSOLUTE
    ..\\FWLIB\\src\\stm32f4xx_cryp.c         0x00000000   Number         0  stm32f4xx_cryp.o ABSOLUTE
    ..\\FWLIB\\src\\stm32f4xx_cryp_aes.c     0x00000000   Number         0  stm32f4xx_cryp_aes.o ABSOLUTE
    ..\\FWLIB\\src\\stm32f4xx_cryp_des.c     0x00000000   Number         0  stm32f4xx_cryp_des.o ABSOLUTE
    ..\\FWLIB\\src\\stm32f4xx_cryp_tdes.c    0x00000000   Number         0  stm32f4xx_cryp_tdes.o ABSOLUTE
    ..\\FWLIB\\src\\stm32f4xx_dac.c          0x00000000   Number         0  stm32f4xx_dac.o ABSOLUTE
    ..\\FWLIB\\src\\stm32f4xx_dbgmcu.c       0x00000000   Number         0  stm32f4xx_dbgmcu.o ABSOLUTE
    ..\\FWLIB\\src\\stm32f4xx_dcmi.c         0x00000000   Number         0  stm32f4xx_dcmi.o ABSOLUTE
    ..\\FWLIB\\src\\stm32f4xx_dma.c          0x00000000   Number         0  stm32f4xx_dma.o ABSOLUTE
    ..\\FWLIB\\src\\stm32f4xx_dma2d.c        0x00000000   Number         0  stm32f4xx_dma2d.o ABSOLUTE
    ..\\FWLIB\\src\\stm32f4xx_exti.c         0x00000000   Number         0  stm32f4xx_exti.o ABSOLUTE
    ..\\FWLIB\\src\\stm32f4xx_flash.c        0x00000000   Number         0  stm32f4xx_flash.o ABSOLUTE
    ..\\FWLIB\\src\\stm32f4xx_flash_ramfunc.c 0x00000000   Number         0  stm32f4xx_flash_ramfunc.o ABSOLUTE
    ..\\FWLIB\\src\\stm32f4xx_fsmc.c         0x00000000   Number         0  stm32f4xx_fsmc.o ABSOLUTE
    ..\\FWLIB\\src\\stm32f4xx_gpio.c         0x00000000   Number         0  stm32f4xx_gpio.o ABSOLUTE
    ..\\FWLIB\\src\\stm32f4xx_hash.c         0x00000000   Number         0  stm32f4xx_hash.o ABSOLUTE
    ..\\FWLIB\\src\\stm32f4xx_hash_md5.c     0x00000000   Number         0  stm32f4xx_hash_md5.o ABSOLUTE
    ..\\FWLIB\\src\\stm32f4xx_hash_sha1.c    0x00000000   Number         0  stm32f4xx_hash_sha1.o ABSOLUTE
    ..\\FWLIB\\src\\stm32f4xx_i2c.c          0x00000000   Number         0  stm32f4xx_i2c.o ABSOLUTE
    ..\\FWLIB\\src\\stm32f4xx_iwdg.c         0x00000000   Number         0  stm32f4xx_iwdg.o ABSOLUTE
    ..\\FWLIB\\src\\stm32f4xx_ltdc.c         0x00000000   Number         0  stm32f4xx_ltdc.o ABSOLUTE
    ..\\FWLIB\\src\\stm32f4xx_pwr.c          0x00000000   Number         0  stm32f4xx_pwr.o ABSOLUTE
    ..\\FWLIB\\src\\stm32f4xx_rcc.c          0x00000000   Number         0  stm32f4xx_rcc.o ABSOLUTE
    ..\\FWLIB\\src\\stm32f4xx_rng.c          0x00000000   Number         0  stm32f4xx_rng.o ABSOLUTE
    ..\\FWLIB\\src\\stm32f4xx_rtc.c          0x00000000   Number         0  stm32f4xx_rtc.o ABSOLUTE
    ..\\FWLIB\\src\\stm32f4xx_sai.c          0x00000000   Number         0  stm32f4xx_sai.o ABSOLUTE
    ..\\FWLIB\\src\\stm32f4xx_sdio.c         0x00000000   Number         0  stm32f4xx_sdio.o ABSOLUTE
    ..\\FWLIB\\src\\stm32f4xx_spi.c          0x00000000   Number         0  stm32f4xx_spi.o ABSOLUTE
    ..\\FWLIB\\src\\stm32f4xx_syscfg.c       0x00000000   Number         0  stm32f4xx_syscfg.o ABSOLUTE
    ..\\FWLIB\\src\\stm32f4xx_tim.c          0x00000000   Number         0  stm32f4xx_tim.o ABSOLUTE
    ..\\FWLIB\\src\\stm32f4xx_usart.c        0x00000000   Number         0  stm32f4xx_usart.o ABSOLUTE
    ..\\FWLIB\\src\\stm32f4xx_wwdg.c         0x00000000   Number         0  stm32f4xx_wwdg.o ABSOLUTE
    ..\\HARDWARE\\JY901\\UART1.c             0x00000000   Number         0  uart1.o ABSOLUTE
    ..\\HARDWARE\\JY901\\UART2.c             0x00000000   Number         0  uart2.o ABSOLUTE
    ..\\HARDWARE\\LED\\led.c                 0x00000000   Number         0  led.o ABSOLUTE
    ..\\HARDWARE\\PID\\bsp_pid.c             0x00000000   Number         0  bsp_pid.o ABSOLUTE
    ..\\HARDWARE\\QR_num\\qr_num.c           0x00000000   Number         0  qr_num.o ABSOLUTE
    ..\\HARDWARE\\Time\\timer.c              0x00000000   Number         0  timer.o ABSOLUTE
    ..\\HARDWARE\\USART3\\UART3.c            0x00000000   Number         0  uart3.o ABSOLUTE
    ..\\HARDWARE\\USART4\\UART4.c            0x00000000   Number         0  uart4.o ABSOLUTE
    ..\\HARDWARE\\beep\\beep.c               0x00000000   Number         0  beep.o ABSOLUTE
    ..\\HARDWARE\\command\\command.c         0x00000000   Number         0  command.o ABSOLUTE
    ..\\HARDWARE\\dictionary\\dictionary.c   0x00000000   Number         0  dictionary.o ABSOLUTE
    ..\\HARDWARE\\encode\\encode.c           0x00000000   Number         0  encode.o ABSOLUTE
    ..\\HARDWARE\\key\\key.c                 0x00000000   Number         0  key.o ABSOLUTE
    ..\\HARDWARE\\motor\\motor.c             0x00000000   Number         0  motor.o ABSOLUTE
    ..\\HARDWARE\\motor_pwm\\M_pwm.c         0x00000000   Number         0  m_pwm.o ABSOLUTE
    ..\\HARDWARE\\oled\\oled.c               0x00000000   Number         0  oled.o ABSOLUTE
    ..\\HARDWARE\\servo\\servo.c             0x00000000   Number         0  servo.o ABSOLUTE
    ..\\HARDWARE\\switch\\switch.c           0x00000000   Number         0  switch.o ABSOLUTE
    ..\\HARDWARE\\ultrasonic\\ult.c          0x00000000   Number         0  ult.o ABSOLUTE
    ..\\SYSTEM\\delay\\delay.c               0x00000000   Number         0  delay.o ABSOLUTE
    ..\\SYSTEM\\sys\\sys.c                   0x00000000   Number         0  sys.o ABSOLUTE
    ..\\variable\\variable.c                 0x00000000   Number         0  variable.o ABSOLUTE
    ..\variable\variable.c                   0x00000000   Number         0  variable.o ABSOLUTE
    dc.s                                     0x00000000   Number         0  dc.o ABSOLUTE
    handlers.s                               0x00000000   Number         0  handlers.o ABSOLUTE
    init.s                                   0x00000000   Number         0  init.o ABSOLUTE
    main.c                                   0x00000000   Number         0  main.o ABSOLUTE
    main.c                                   0x00000000   Number         0  main.o ABSOLUTE
    stm32f4xx_it.c                           0x00000000   Number         0  stm32f4xx_it.o ABSOLUTE
    stm32f4xx_it.c                           0x00000000   Number         0  stm32f4xx_it.o ABSOLUTE
    system_stm32f4xx.c                       0x00000000   Number         0  system_stm32f4xx.o ABSOLUTE
    system_stm32f4xx.c                       0x00000000   Number         0  system_stm32f4xx.o ABSOLUTE
    RESET                                    0x08000000   Section      392  startup_stm32f40_41xxx.o(RESET)
    .ARM.Collect$$$$00000000                 0x08000188   Section        0  entry.o(.ARM.Collect$$$$00000000)
    .ARM.Collect$$$$00000001                 0x08000188   Section        4  entry2.o(.ARM.Collect$$$$00000001)
    .ARM.Collect$$$$00000004                 0x0800018c   Section        4  entry5.o(.ARM.Collect$$$$00000004)
    .ARM.Collect$$$$00000008                 0x08000190   Section        0  entry7b.o(.ARM.Collect$$$$00000008)
    .ARM.Collect$$$$0000000A                 0x08000190   Section        0  entry8b.o(.ARM.Collect$$$$0000000A)
    .ARM.Collect$$$$0000000B                 0x08000190   Section        8  entry9a.o(.ARM.Collect$$$$0000000B)
    .ARM.Collect$$$$0000000E                 0x08000198   Section        4  entry12b.o(.ARM.Collect$$$$0000000E)
    .ARM.Collect$$$$0000000F                 0x0800019c   Section        0  entry10a.o(.ARM.Collect$$$$0000000F)
    .ARM.Collect$$$$00000011                 0x0800019c   Section        0  entry11a.o(.ARM.Collect$$$$00000011)
    .ARM.Collect$$$$00002712                 0x0800019c   Section        4  entry2.o(.ARM.Collect$$$$00002712)
    __lit__00000000                          0x0800019c   Data           4  entry2.o(.ARM.Collect$$$$00002712)
    .text                                    0x080001a0   Section        0  main.o(.text)
    .text                                    0x08000260   Section        0  stm32f4xx_it.o(.text)
    .text                                    0x0800027c   Section        0  system_stm32f4xx.o(.text)
    SetSysClock                              0x0800027d   Thumb Code   220  system_stm32f4xx.o(.text)
    .text                                    0x0800048c   Section       36  startup_stm32f40_41xxx.o(.text)
    $v0                                      0x0800048c   Number         0  startup_stm32f40_41xxx.o(.text)
    .text                                    0x080004b0   Section        0  misc.o(.text)
    .text                                    0x08000590   Section        0  stm32f4xx_gpio.o(.text)
    .text                                    0x08000824   Section        0  stm32f4xx_rcc.o(.text)
    .text                                    0x08000e80   Section        0  stm32f4xx_tim.o(.text)
    TI4_Config                               0x0800161f   Thumb Code    80  stm32f4xx_tim.o(.text)
    TI3_Config                               0x08001681   Thumb Code    72  stm32f4xx_tim.o(.text)
    TI2_Config                               0x080016e3   Thumb Code    90  stm32f4xx_tim.o(.text)
    TI1_Config                               0x0800174f   Thumb Code    58  stm32f4xx_tim.o(.text)
    .text                                    0x08001b24   Section        0  stm32f4xx_usart.o(.text)
    .text                                    0x08001f78   Section        0  delay.o(.text)
    .text                                    0x0800207c   Section        0  beep.o(.text)
    .text                                    0x080020b0   Section        0  command.o(.text)
    .text                                    0x08003790   Section        0  bsp_pid.o(.text)
    .text                                    0x08003aa0   Section        0  motor.o(.text)
    .text                                    0x08003c48   Section        0  m_pwm.o(.text)
    .text                                    0x08003e44   Section        0  ult.o(.text)
    .text                                    0x08004f10   Section        0  filter.o(.text)
    .text                                    0x08005210   Section        0  servo.o(.text)
    .text                                    0x080058d0   Section        0  encode.o(.text)
    .text                                    0x08005b48   Section        0  switch.o(.text)
    .text                                    0x08005b84   Section        0  key.o(.text)
    .text                                    0x08006134   Section        0  led.o(.text)
    .text                                    0x0800616c   Section        0  timer.o(.text)
    .text                                    0x08006414   Section        0  oled.o(.text)
    .text                                    0x08007080   Section        0  uart1.o(.text)
    .text                                    0x08007210   Section        0  uart2.o(.text)
    .text                                    0x0800738c   Section        0  uart3.o(.text)
    .text                                    0x080074ac   Section        0  uart4.o(.text)
    .text                                    0x080075cc   Section        0  dictionary.o(.text)
    .text                                    0x08007740   Section        0  variable.o(.text)
    .text                                    0x080077d2   Section        0  ldiv.o(.text)
    .text                                    0x08007834   Section        0  dadd.o(.text)
    .text                                    0x08007982   Section        0  dmul.o(.text)
    .text                                    0x08007a66   Section        0  ddiv.o(.text)
    .text                                    0x08007b44   Section        0  dflti.o(.text)
    .text                                    0x08007b66   Section        0  dfixi.o(.text)
    .text                                    0x08007ba4   Section        0  f2d.o(.text)
    .text                                    0x08007bca   Section        0  uldiv.o(.text)
    .text                                    0x08007c2c   Section        0  llshl.o(.text)
    .text                                    0x08007c4a   Section        0  llushr.o(.text)
    .text                                    0x08007c6a   Section        0  llsshr.o(.text)
    .text                                    0x08007c8e   Section        0  depilogue.o(.text)
    .text                                    0x08007c8e   Section        0  iusefp.o(.text)
    .text                                    0x08007d48   Section       36  init.o(.text)
    .text                                    0x08007d6c   Section        0  __dczerorl2.o(.text)
    i.__scatterload_copy                     0x08007dc2   Section       14  handlers.o(i.__scatterload_copy)
    i.__scatterload_null                     0x08007dd0   Section        2  handlers.o(i.__scatterload_null)
    i.__scatterload_zeroinit                 0x08007dd2   Section       14  handlers.o(i.__scatterload_zeroinit)
    .constdata                               0x08007de0   Section     7856  oled.o(.constdata)
    .data                                    0x20000000   Section        8  main.o(.data)
    .data                                    0x20000008   Section       20  system_stm32f4xx.o(.data)
    .data                                    0x2000001c   Section       16  stm32f4xx_rcc.o(.data)
    APBAHBPrescTable                         0x2000001c   Data          16  stm32f4xx_rcc.o(.data)
    .data                                    0x2000002c   Section        4  delay.o(.data)
    fac_us                                   0x2000002c   Data           1  delay.o(.data)
    fac_ms                                   0x2000002e   Data           2  delay.o(.data)
    .data                                    0x20000030   Section       16  command.o(.data)
    .data                                    0x20000040   Section      192  ult.o(.data)
    .data                                    0x20000100   Section        8  filter.o(.data)
    max                                      0x20000100   Data           2  filter.o(.data)
    min                                      0x20000102   Data           2  filter.o(.data)
    max                                      0x20000104   Data           2  filter.o(.data)
    min                                      0x20000106   Data           2  filter.o(.data)
    .data                                    0x20000108   Section        8  encode.o(.data)
    .data                                    0x20000110   Section       28  key.o(.data)
    key_up                                   0x20000110   Data           1  key.o(.data)
    key_up                                   0x20000111   Data           1  key.o(.data)
    key_up                                   0x20000112   Data           1  key.o(.data)
    key                                      0x20000114   Data           4  key.o(.data)
    key_2                                    0x20000118   Data           4  key.o(.data)
    key_3                                    0x2000011c   Data           4  key.o(.data)
    key_4                                    0x20000120   Data           4  key.o(.data)
    increase                                 0x20000124   Data           4  key.o(.data)
    reduce                                   0x20000128   Data           4  key.o(.data)
    .data                                    0x2000012c   Section       16  timer.o(.data)
    .data                                    0x2000013c   Section        3  uart1.o(.data)
    TxCounter                                0x2000013d   Data           1  uart1.o(.data)
    count                                    0x2000013e   Data           1  uart1.o(.data)
    .data                                    0x2000013f   Section        2  uart2.o(.data)
    TxCounter                                0x2000013f   Data           1  uart2.o(.data)
    count                                    0x20000140   Data           1  uart2.o(.data)
    .data                                    0x20000144   Section       12  uart3.o(.data)
    .data                                    0x20000150   Section       16  uart4.o(.data)
    .data                                    0x20000160   Section       91  dictionary.o(.data)
    ucRxCnt                                  0x200001ba   Data           1  dictionary.o(.data)
    .bss                                     0x200001bc   Section      304  ult.o(.bss)
    .bss                                     0x200002ec   Section       40  encode.o(.bss)
    .bss                                     0x20000314   Section     1152  oled.o(.bss)
    .bss                                     0x20000794   Section      256  uart1.o(.bss)
    TxBuffer                                 0x20000794   Data         256  uart1.o(.bss)
    .bss                                     0x20000894   Section      256  uart2.o(.bss)
    TxBuffer                                 0x20000894   Data         256  uart2.o(.bss)
    .bss                                     0x20000994   Section      250  dictionary.o(.bss)
    ucRxBuffer                               0x20000994   Data         250  dictionary.o(.bss)
    STACK                                    0x20000a90   Section     1024  startup_stm32f40_41xxx.o(STACK)

    Global Symbols

    Symbol Name                              Value     Ov Type        Size  Object(Section)

    BuildAttributes$$THM_ISAv4$E$P$D$K$B$S$7EM$VFPi3$EXTD16$VFPS$VFMA$PE$A:L22UL41UL21$X:L11$S22US41US21$IEEE1$IW$USESV6$~STKCKD$USESV7$~SHL$OSPACE$ROPI$EBA8$MICROLIB$REQ8$PRES8$EABIv2 0x00000000   Number         0  anon$$obj.o ABSOLUTE
    __ARM_use_no_argv                        0x00000000   Number         0  main.o ABSOLUTE
    __arm_fini_                               - Undefined Weak Reference
    __cpp_initialize__aeabi_                  - Undefined Weak Reference
    __cxa_finalize                            - Undefined Weak Reference
    _clock_init                               - Undefined Weak Reference
    _microlib_exit                            - Undefined Weak Reference
    __Vectors_Size                           0x00000188   Number         0  startup_stm32f40_41xxx.o ABSOLUTE
    __Vectors                                0x08000000   Data           4  startup_stm32f40_41xxx.o(RESET)
    __Vectors_End                            0x08000188   Data           0  startup_stm32f40_41xxx.o(RESET)
    __main                                   0x08000189   Thumb Code     0  entry.o(.ARM.Collect$$$$00000000)
    _main_stk                                0x08000189   Thumb Code     0  entry2.o(.ARM.Collect$$$$00000001)
    _main_scatterload                        0x0800018d   Thumb Code     0  entry5.o(.ARM.Collect$$$$00000004)
    __main_after_scatterload                 0x08000191   Thumb Code     0  entry5.o(.ARM.Collect$$$$00000004)
    _main_clock                              0x08000191   Thumb Code     0  entry7b.o(.ARM.Collect$$$$00000008)
    _main_cpp_init                           0x08000191   Thumb Code     0  entry8b.o(.ARM.Collect$$$$0000000A)
    _main_init                               0x08000191   Thumb Code     0  entry9a.o(.ARM.Collect$$$$0000000B)
    __rt_lib_shutdown_fini                   0x08000199   Thumb Code     0  entry12b.o(.ARM.Collect$$$$0000000E)
    __rt_final_cpp                           0x0800019d   Thumb Code     0  entry10a.o(.ARM.Collect$$$$0000000F)
    __rt_final_exit                          0x0800019d   Thumb Code     0  entry11a.o(.ARM.Collect$$$$00000011)
    main                                     0x080001a1   Thumb Code   184  main.o(.text)
    NMI_Handler                              0x08000261   Thumb Code     2  stm32f4xx_it.o(.text)
    HardFault_Handler                        0x08000263   Thumb Code     4  stm32f4xx_it.o(.text)
    MemManage_Handler                        0x08000267   Thumb Code     4  stm32f4xx_it.o(.text)
    BusFault_Handler                         0x0800026b   Thumb Code     4  stm32f4xx_it.o(.text)
    UsageFault_Handler                       0x0800026f   Thumb Code     4  stm32f4xx_it.o(.text)
    SVC_Handler                              0x08000273   Thumb Code     2  stm32f4xx_it.o(.text)
    DebugMon_Handler                         0x08000275   Thumb Code     2  stm32f4xx_it.o(.text)
    PendSV_Handler                           0x08000277   Thumb Code     2  stm32f4xx_it.o(.text)
    SysTick_Handler                          0x08000279   Thumb Code     2  stm32f4xx_it.o(.text)
    SystemInit                               0x08000359   Thumb Code    88  system_stm32f4xx.o(.text)
    SystemCoreClockUpdate                    0x080003b1   Thumb Code   174  system_stm32f4xx.o(.text)
    Reset_Handler                            0x0800048d   Thumb Code     8  startup_stm32f40_41xxx.o(.text)
    ADC_IRQHandler                           0x080004a7   Thumb Code     0  startup_stm32f40_41xxx.o(.text)
    CAN1_RX0_IRQHandler                      0x080004a7   Thumb Code     0  startup_stm32f40_41xxx.o(.text)
    CAN1_RX1_IRQHandler                      0x080004a7   Thumb Code     0  startup_stm32f40_41xxx.o(.text)
    CAN1_SCE_IRQHandler                      0x080004a7   Thumb Code     0  startup_stm32f40_41xxx.o(.text)
    CAN1_TX_IRQHandler                       0x080004a7   Thumb Code     0  startup_stm32f40_41xxx.o(.text)
    CAN2_RX0_IRQHandler                      0x080004a7   Thumb Code     0  startup_stm32f40_41xxx.o(.text)
    CAN2_RX1_IRQHandler                      0x080004a7   Thumb Code     0  startup_stm32f40_41xxx.o(.text)
    CAN2_SCE_IRQHandler                      0x080004a7   Thumb Code     0  startup_stm32f40_41xxx.o(.text)
    CAN2_TX_IRQHandler                       0x080004a7   Thumb Code     0  startup_stm32f40_41xxx.o(.text)
    CRYP_IRQHandler                          0x080004a7   Thumb Code     0  startup_stm32f40_41xxx.o(.text)
    DCMI_IRQHandler                          0x080004a7   Thumb Code     0  startup_stm32f40_41xxx.o(.text)
    DMA1_Stream0_IRQHandler                  0x080004a7   Thumb Code     0  startup_stm32f40_41xxx.o(.text)
    DMA1_Stream1_IRQHandler                  0x080004a7   Thumb Code     0  startup_stm32f40_41xxx.o(.text)
    DMA1_Stream2_IRQHandler                  0x080004a7   Thumb Code     0  startup_stm32f40_41xxx.o(.text)
    DMA1_Stream3_IRQHandler                  0x080004a7   Thumb Code     0  startup_stm32f40_41xxx.o(.text)
    DMA1_Stream4_IRQHandler                  0x080004a7   Thumb Code     0  startup_stm32f40_41xxx.o(.text)
    DMA1_Stream5_IRQHandler                  0x080004a7   Thumb Code     0  startup_stm32f40_41xxx.o(.text)
    DMA1_Stream6_IRQHandler                  0x080004a7   Thumb Code     0  startup_stm32f40_41xxx.o(.text)
    DMA1_Stream7_IRQHandler                  0x080004a7   Thumb Code     0  startup_stm32f40_41xxx.o(.text)
    DMA2_Stream0_IRQHandler                  0x080004a7   Thumb Code     0  startup_stm32f40_41xxx.o(.text)
    DMA2_Stream1_IRQHandler                  0x080004a7   Thumb Code     0  startup_stm32f40_41xxx.o(.text)
    DMA2_Stream2_IRQHandler                  0x080004a7   Thumb Code     0  startup_stm32f40_41xxx.o(.text)
    DMA2_Stream3_IRQHandler                  0x080004a7   Thumb Code     0  startup_stm32f40_41xxx.o(.text)
    DMA2_Stream4_IRQHandler                  0x080004a7   Thumb Code     0  startup_stm32f40_41xxx.o(.text)
    DMA2_Stream5_IRQHandler                  0x080004a7   Thumb Code     0  startup_stm32f40_41xxx.o(.text)
    DMA2_Stream6_IRQHandler                  0x080004a7   Thumb Code     0  startup_stm32f40_41xxx.o(.text)
    DMA2_Stream7_IRQHandler                  0x080004a7   Thumb Code     0  startup_stm32f40_41xxx.o(.text)
    ETH_IRQHandler                           0x080004a7   Thumb Code     0  startup_stm32f40_41xxx.o(.text)
    ETH_WKUP_IRQHandler                      0x080004a7   Thumb Code     0  startup_stm32f40_41xxx.o(.text)
    EXTI0_IRQHandler                         0x080004a7   Thumb Code     0  startup_stm32f40_41xxx.o(.text)
    EXTI15_10_IRQHandler                     0x080004a7   Thumb Code     0  startup_stm32f40_41xxx.o(.text)
    EXTI1_IRQHandler                         0x080004a7   Thumb Code     0  startup_stm32f40_41xxx.o(.text)
    EXTI2_IRQHandler                         0x080004a7   Thumb Code     0  startup_stm32f40_41xxx.o(.text)
    EXTI3_IRQHandler                         0x080004a7   Thumb Code     0  startup_stm32f40_41xxx.o(.text)
    EXTI4_IRQHandler                         0x080004a7   Thumb Code     0  startup_stm32f40_41xxx.o(.text)
    EXTI9_5_IRQHandler                       0x080004a7   Thumb Code     0  startup_stm32f40_41xxx.o(.text)
    FLASH_IRQHandler                         0x080004a7   Thumb Code     0  startup_stm32f40_41xxx.o(.text)
    FPU_IRQHandler                           0x080004a7   Thumb Code     0  startup_stm32f40_41xxx.o(.text)
    FSMC_IRQHandler                          0x080004a7   Thumb Code     0  startup_stm32f40_41xxx.o(.text)
    HASH_RNG_IRQHandler                      0x080004a7   Thumb Code     0  startup_stm32f40_41xxx.o(.text)
    I2C1_ER_IRQHandler                       0x080004a7   Thumb Code     0  startup_stm32f40_41xxx.o(.text)
    I2C1_EV_IRQHandler                       0x080004a7   Thumb Code     0  startup_stm32f40_41xxx.o(.text)
    I2C2_ER_IRQHandler                       0x080004a7   Thumb Code     0  startup_stm32f40_41xxx.o(.text)
    I2C2_EV_IRQHandler                       0x080004a7   Thumb Code     0  startup_stm32f40_41xxx.o(.text)
    I2C3_ER_IRQHandler                       0x080004a7   Thumb Code     0  startup_stm32f40_41xxx.o(.text)
    I2C3_EV_IRQHandler                       0x080004a7   Thumb Code     0  startup_stm32f40_41xxx.o(.text)
    OTG_FS_IRQHandler                        0x080004a7   Thumb Code     0  startup_stm32f40_41xxx.o(.text)
    OTG_FS_WKUP_IRQHandler                   0x080004a7   Thumb Code     0  startup_stm32f40_41xxx.o(.text)
    OTG_HS_EP1_IN_IRQHandler                 0x080004a7   Thumb Code     0  startup_stm32f40_41xxx.o(.text)
    OTG_HS_EP1_OUT_IRQHandler                0x080004a7   Thumb Code     0  startup_stm32f40_41xxx.o(.text)
    OTG_HS_IRQHandler                        0x080004a7   Thumb Code     0  startup_stm32f40_41xxx.o(.text)
    OTG_HS_WKUP_IRQHandler                   0x080004a7   Thumb Code     0  startup_stm32f40_41xxx.o(.text)
    PVD_IRQHandler                           0x080004a7   Thumb Code     0  startup_stm32f40_41xxx.o(.text)
    RCC_IRQHandler                           0x080004a7   Thumb Code     0  startup_stm32f40_41xxx.o(.text)
    RTC_Alarm_IRQHandler                     0x080004a7   Thumb Code     0  startup_stm32f40_41xxx.o(.text)
    RTC_WKUP_IRQHandler                      0x080004a7   Thumb Code     0  startup_stm32f40_41xxx.o(.text)
    SDIO_IRQHandler                          0x080004a7   Thumb Code     0  startup_stm32f40_41xxx.o(.text)
    SPI1_IRQHandler                          0x080004a7   Thumb Code     0  startup_stm32f40_41xxx.o(.text)
    SPI2_IRQHandler                          0x080004a7   Thumb Code     0  startup_stm32f40_41xxx.o(.text)
    SPI3_IRQHandler                          0x080004a7   Thumb Code     0  startup_stm32f40_41xxx.o(.text)
    TAMP_STAMP_IRQHandler                    0x080004a7   Thumb Code     0  startup_stm32f40_41xxx.o(.text)
    TIM1_BRK_TIM9_IRQHandler                 0x080004a7   Thumb Code     0  startup_stm32f40_41xxx.o(.text)
    TIM1_TRG_COM_TIM11_IRQHandler            0x080004a7   Thumb Code     0  startup_stm32f40_41xxx.o(.text)
    TIM1_UP_TIM10_IRQHandler                 0x080004a7   Thumb Code     0  startup_stm32f40_41xxx.o(.text)
    TIM2_IRQHandler                          0x080004a7   Thumb Code     0  startup_stm32f40_41xxx.o(.text)
    TIM3_IRQHandler                          0x080004a7   Thumb Code     0  startup_stm32f40_41xxx.o(.text)
    TIM4_IRQHandler                          0x080004a7   Thumb Code     0  startup_stm32f40_41xxx.o(.text)
    TIM6_DAC_IRQHandler                      0x080004a7   Thumb Code     0  startup_stm32f40_41xxx.o(.text)
    TIM8_BRK_TIM12_IRQHandler                0x080004a7   Thumb Code     0  startup_stm32f40_41xxx.o(.text)
    TIM8_CC_IRQHandler                       0x080004a7   Thumb Code     0  startup_stm32f40_41xxx.o(.text)
    TIM8_TRG_COM_TIM14_IRQHandler            0x080004a7   Thumb Code     0  startup_stm32f40_41xxx.o(.text)
    UART5_IRQHandler                         0x080004a7   Thumb Code     0  startup_stm32f40_41xxx.o(.text)
    USART6_IRQHandler                        0x080004a7   Thumb Code     0  startup_stm32f40_41xxx.o(.text)
    WWDG_IRQHandler                          0x080004a7   Thumb Code     0  startup_stm32f40_41xxx.o(.text)
    NVIC_PriorityGroupConfig                 0x080004b1   Thumb Code    10  misc.o(.text)
    NVIC_Init                                0x080004bb   Thumb Code   106  misc.o(.text)
    NVIC_SetVectorTable                      0x08000525   Thumb Code    14  misc.o(.text)
    NVIC_SystemLPConfig                      0x08000533   Thumb Code    34  misc.o(.text)
    SysTick_CLKSourceConfig                  0x08000555   Thumb Code    40  misc.o(.text)
    GPIO_DeInit                              0x08000591   Thumb Code   268  stm32f4xx_gpio.o(.text)
    GPIO_Init                                0x0800069d   Thumb Code   144  stm32f4xx_gpio.o(.text)
    GPIO_StructInit                          0x0800072d   Thumb Code    18  stm32f4xx_gpio.o(.text)
    GPIO_PinLockConfig                       0x0800073f   Thumb Code    34  stm32f4xx_gpio.o(.text)
    GPIO_ReadInputDataBit                    0x08000761   Thumb Code    18  stm32f4xx_gpio.o(.text)
    GPIO_ReadInputData                       0x08000773   Thumb Code     8  stm32f4xx_gpio.o(.text)
    GPIO_ReadOutputDataBit                   0x0800077b   Thumb Code    18  stm32f4xx_gpio.o(.text)
    GPIO_ReadOutputData                      0x0800078d   Thumb Code     8  stm32f4xx_gpio.o(.text)
    GPIO_SetBits                             0x08000795   Thumb Code     4  stm32f4xx_gpio.o(.text)
    GPIO_ResetBits                           0x08000799   Thumb Code     4  stm32f4xx_gpio.o(.text)
    GPIO_WriteBit                            0x0800079d   Thumb Code    10  stm32f4xx_gpio.o(.text)
    GPIO_Write                               0x080007a7   Thumb Code     4  stm32f4xx_gpio.o(.text)
    GPIO_ToggleBits                          0x080007ab   Thumb Code     8  stm32f4xx_gpio.o(.text)
    GPIO_PinAFConfig                         0x080007b3   Thumb Code    70  stm32f4xx_gpio.o(.text)
    RCC_DeInit                               0x08000825   Thumb Code    82  stm32f4xx_rcc.o(.text)
    RCC_HSEConfig                            0x08000877   Thumb Code    14  stm32f4xx_rcc.o(.text)
    RCC_GetFlagStatus                        0x08000885   Thumb Code    60  stm32f4xx_rcc.o(.text)
    RCC_WaitForHSEStartUp                    0x080008c1   Thumb Code    56  stm32f4xx_rcc.o(.text)
    RCC_AdjustHSICalibrationValue            0x080008f9   Thumb Code    20  stm32f4xx_rcc.o(.text)
    RCC_HSICmd                               0x0800090d   Thumb Code     6  stm32f4xx_rcc.o(.text)
    RCC_LSEConfig                            0x08000913   Thumb Code    46  stm32f4xx_rcc.o(.text)
    RCC_LSICmd                               0x08000941   Thumb Code     6  stm32f4xx_rcc.o(.text)
    RCC_PLLConfig                            0x08000947   Thumb Code    32  stm32f4xx_rcc.o(.text)
    RCC_PLLCmd                               0x08000967   Thumb Code     6  stm32f4xx_rcc.o(.text)
    RCC_PLLI2SConfig                         0x0800096d   Thumb Code    14  stm32f4xx_rcc.o(.text)
    RCC_PLLI2SCmd                            0x0800097b   Thumb Code     6  stm32f4xx_rcc.o(.text)
    RCC_PLLSAIConfig                         0x08000981   Thumb Code    20  stm32f4xx_rcc.o(.text)
    RCC_PLLSAICmd                            0x08000995   Thumb Code     6  stm32f4xx_rcc.o(.text)
    RCC_ClockSecuritySystemCmd               0x0800099b   Thumb Code     6  stm32f4xx_rcc.o(.text)
    RCC_MCO1Config                           0x080009a1   Thumb Code    28  stm32f4xx_rcc.o(.text)
    RCC_MCO2Config                           0x080009bd   Thumb Code    28  stm32f4xx_rcc.o(.text)
    RCC_SYSCLKConfig                         0x080009d9   Thumb Code    20  stm32f4xx_rcc.o(.text)
    RCC_GetSYSCLKSource                      0x080009ed   Thumb Code    12  stm32f4xx_rcc.o(.text)
    RCC_HCLKConfig                           0x080009f9   Thumb Code    20  stm32f4xx_rcc.o(.text)
    RCC_PCLK1Config                          0x08000a0d   Thumb Code    20  stm32f4xx_rcc.o(.text)
    RCC_PCLK2Config                          0x08000a21   Thumb Code    22  stm32f4xx_rcc.o(.text)
    RCC_GetClocksFreq                        0x08000a37   Thumb Code   222  stm32f4xx_rcc.o(.text)
    RCC_RTCCLKConfig                         0x08000b15   Thumb Code    54  stm32f4xx_rcc.o(.text)
    RCC_RTCCLKCmd                            0x08000b4b   Thumb Code     8  stm32f4xx_rcc.o(.text)
    RCC_BackupResetCmd                       0x08000b53   Thumb Code     8  stm32f4xx_rcc.o(.text)
    RCC_I2SCLKConfig                         0x08000b5b   Thumb Code     6  stm32f4xx_rcc.o(.text)
    RCC_SAIPLLI2SClkDivConfig                0x08000b61   Thumb Code    26  stm32f4xx_rcc.o(.text)
    RCC_SAIPLLSAIClkDivConfig                0x08000b7b   Thumb Code    28  stm32f4xx_rcc.o(.text)
    RCC_SAIBlockACLKConfig                   0x08000b97   Thumb Code    20  stm32f4xx_rcc.o(.text)
    RCC_SAIBlockBCLKConfig                   0x08000bab   Thumb Code    20  stm32f4xx_rcc.o(.text)
    RCC_LTDCCLKDivConfig                     0x08000bbf   Thumb Code    20  stm32f4xx_rcc.o(.text)
    RCC_TIMCLKPresConfig                     0x08000bd3   Thumb Code     6  stm32f4xx_rcc.o(.text)
    RCC_AHB1PeriphClockCmd                   0x08000bd9   Thumb Code    34  stm32f4xx_rcc.o(.text)
    RCC_AHB2PeriphClockCmd                   0x08000bfb   Thumb Code    78  stm32f4xx_rcc.o(.text)
    RCC_AHB3PeriphClockCmd                   0x08000c49   Thumb Code    34  stm32f4xx_rcc.o(.text)
    RCC_APB1PeriphClockCmd                   0x08000c6b   Thumb Code    34  stm32f4xx_rcc.o(.text)
    RCC_APB2PeriphClockCmd                   0x08000c8d   Thumb Code    34  stm32f4xx_rcc.o(.text)
    RCC_AHB1PeriphResetCmd                   0x08000caf   Thumb Code    34  stm32f4xx_rcc.o(.text)
    RCC_AHB2PeriphResetCmd                   0x08000cd1   Thumb Code    34  stm32f4xx_rcc.o(.text)
    RCC_AHB3PeriphResetCmd                   0x08000cf3   Thumb Code    34  stm32f4xx_rcc.o(.text)
    RCC_APB1PeriphResetCmd                   0x08000d15   Thumb Code    34  stm32f4xx_rcc.o(.text)
    RCC_APB2PeriphResetCmd                   0x08000d37   Thumb Code    34  stm32f4xx_rcc.o(.text)
    RCC_AHB1PeriphClockLPModeCmd             0x08000d59   Thumb Code    34  stm32f4xx_rcc.o(.text)
    RCC_AHB2PeriphClockLPModeCmd             0x08000d7b   Thumb Code    34  stm32f4xx_rcc.o(.text)
    RCC_AHB3PeriphClockLPModeCmd             0x08000d9d   Thumb Code    34  stm32f4xx_rcc.o(.text)
    RCC_APB1PeriphClockLPModeCmd             0x08000dbf   Thumb Code    34  stm32f4xx_rcc.o(.text)
    RCC_APB2PeriphClockLPModeCmd             0x08000de1   Thumb Code    34  stm32f4xx_rcc.o(.text)
    RCC_LSEModeConfig                        0x08000e03   Thumb Code    40  stm32f4xx_rcc.o(.text)
    RCC_ITConfig                             0x08000e2b   Thumb Code    34  stm32f4xx_rcc.o(.text)
    RCC_ClearFlag                            0x08000e4d   Thumb Code    18  stm32f4xx_rcc.o(.text)
    RCC_GetITStatus                          0x08000e5f   Thumb Code    22  stm32f4xx_rcc.o(.text)
    RCC_ClearITPendingBit                    0x08000e75   Thumb Code     8  stm32f4xx_rcc.o(.text)
    TIM_DeInit                               0x08000e81   Thumb Code   346  stm32f4xx_tim.o(.text)
    TIM_TimeBaseInit                         0x08000fdb   Thumb Code   104  stm32f4xx_tim.o(.text)
    TIM_TimeBaseStructInit                   0x08001043   Thumb Code    18  stm32f4xx_tim.o(.text)
    TIM_PrescalerConfig                      0x08001055   Thumb Code     6  stm32f4xx_tim.o(.text)
    TIM_CounterModeConfig                    0x0800105b   Thumb Code    18  stm32f4xx_tim.o(.text)
    TIM_SetCounter                           0x0800106d   Thumb Code     4  stm32f4xx_tim.o(.text)
    TIM_SetAutoreload                        0x08001071   Thumb Code     4  stm32f4xx_tim.o(.text)
    TIM_GetCounter                           0x08001075   Thumb Code     6  stm32f4xx_tim.o(.text)
    TIM_GetPrescaler                         0x0800107b   Thumb Code     6  stm32f4xx_tim.o(.text)
    TIM_UpdateDisableConfig                  0x08001081   Thumb Code    24  stm32f4xx_tim.o(.text)
    TIM_UpdateRequestConfig                  0x08001099   Thumb Code    24  stm32f4xx_tim.o(.text)
    TIM_ARRPreloadConfig                     0x080010b1   Thumb Code    24  stm32f4xx_tim.o(.text)
    TIM_SelectOnePulseMode                   0x080010c9   Thumb Code    18  stm32f4xx_tim.o(.text)
    TIM_SetClockDivision                     0x080010db   Thumb Code    18  stm32f4xx_tim.o(.text)
    TIM_Cmd                                  0x080010ed   Thumb Code    24  stm32f4xx_tim.o(.text)
    TIM_OC1Init                              0x08001105   Thumb Code   114  stm32f4xx_tim.o(.text)
    TIM_OC2Init                              0x08001177   Thumb Code   154  stm32f4xx_tim.o(.text)
    TIM_OC3Init                              0x08001211   Thumb Code   204  stm32f4xx_tim.o(.text)
    TIM_OC4Init                              0x080012dd   Thumb Code   112  stm32f4xx_tim.o(.text)
    TIM_OCStructInit                         0x0800134d   Thumb Code    20  stm32f4xx_tim.o(.text)
    TIM_SelectOCxM                           0x08001361   Thumb Code    86  stm32f4xx_tim.o(.text)
    TIM_SetCompare1                          0x080013b7   Thumb Code     4  stm32f4xx_tim.o(.text)
    TIM_SetCompare2                          0x080013bb   Thumb Code     4  stm32f4xx_tim.o(.text)
    TIM_SetCompare3                          0x080013bf   Thumb Code     4  stm32f4xx_tim.o(.text)
    TIM_SetCompare4                          0x080013c3   Thumb Code     4  stm32f4xx_tim.o(.text)
    TIM_ForcedOC1Config                      0x080013c7   Thumb Code    18  stm32f4xx_tim.o(.text)
    TIM_ForcedOC2Config                      0x080013d9   Thumb Code    26  stm32f4xx_tim.o(.text)
    TIM_ForcedOC3Config                      0x080013f3   Thumb Code    18  stm32f4xx_tim.o(.text)
    TIM_ForcedOC4Config                      0x08001405   Thumb Code    26  stm32f4xx_tim.o(.text)
    TIM_OC1PreloadConfig                     0x0800141f   Thumb Code    18  stm32f4xx_tim.o(.text)
    TIM_OC2PreloadConfig                     0x08001431   Thumb Code    26  stm32f4xx_tim.o(.text)
    TIM_OC3PreloadConfig                     0x0800144b   Thumb Code    18  stm32f4xx_tim.o(.text)
    TIM_OC4PreloadConfig                     0x0800145d   Thumb Code    26  stm32f4xx_tim.o(.text)
    TIM_OC1FastConfig                        0x08001477   Thumb Code    18  stm32f4xx_tim.o(.text)
    TIM_OC2FastConfig                        0x08001489   Thumb Code    26  stm32f4xx_tim.o(.text)
    TIM_OC3FastConfig                        0x080014a3   Thumb Code    18  stm32f4xx_tim.o(.text)
    TIM_OC4FastConfig                        0x080014b5   Thumb Code    26  stm32f4xx_tim.o(.text)
    TIM_ClearOC1Ref                          0x080014cf   Thumb Code    18  stm32f4xx_tim.o(.text)
    TIM_ClearOC2Ref                          0x080014e1   Thumb Code    24  stm32f4xx_tim.o(.text)
    TIM_ClearOC3Ref                          0x080014f9   Thumb Code    18  stm32f4xx_tim.o(.text)
    TIM_ClearOC4Ref                          0x0800150b   Thumb Code    24  stm32f4xx_tim.o(.text)
    TIM_OC1PolarityConfig                    0x08001523   Thumb Code    18  stm32f4xx_tim.o(.text)
    TIM_OC1NPolarityConfig                   0x08001535   Thumb Code    18  stm32f4xx_tim.o(.text)
    TIM_OC2PolarityConfig                    0x08001547   Thumb Code    26  stm32f4xx_tim.o(.text)
    TIM_OC2NPolarityConfig                   0x08001561   Thumb Code    26  stm32f4xx_tim.o(.text)
    TIM_OC3PolarityConfig                    0x0800157b   Thumb Code    26  stm32f4xx_tim.o(.text)
    TIM_OC3NPolarityConfig                   0x08001595   Thumb Code    26  stm32f4xx_tim.o(.text)
    TIM_OC4PolarityConfig                    0x080015af   Thumb Code    26  stm32f4xx_tim.o(.text)
    TIM_CCxCmd                               0x080015c9   Thumb Code    30  stm32f4xx_tim.o(.text)
    TIM_CCxNCmd                              0x080015e7   Thumb Code    30  stm32f4xx_tim.o(.text)
    TIM_SetIC4Prescaler                      0x08001605   Thumb Code    26  stm32f4xx_tim.o(.text)
    TIM_SetIC3Prescaler                      0x0800166f   Thumb Code    18  stm32f4xx_tim.o(.text)
    TIM_SetIC2Prescaler                      0x080016c9   Thumb Code    26  stm32f4xx_tim.o(.text)
    TIM_SetIC1Prescaler                      0x0800173d   Thumb Code    18  stm32f4xx_tim.o(.text)
    TIM_ICInit                               0x08001789   Thumb Code   110  stm32f4xx_tim.o(.text)
    TIM_ICStructInit                         0x080017f7   Thumb Code    18  stm32f4xx_tim.o(.text)
    TIM_PWMIConfig                           0x08001809   Thumb Code   124  stm32f4xx_tim.o(.text)
    TIM_GetCapture1                          0x08001885   Thumb Code     6  stm32f4xx_tim.o(.text)
    TIM_GetCapture2                          0x0800188b   Thumb Code     6  stm32f4xx_tim.o(.text)
    TIM_GetCapture3                          0x08001891   Thumb Code     6  stm32f4xx_tim.o(.text)
    TIM_GetCapture4                          0x08001897   Thumb Code     6  stm32f4xx_tim.o(.text)
    TIM_BDTRConfig                           0x0800189d   Thumb Code    32  stm32f4xx_tim.o(.text)
    TIM_BDTRStructInit                       0x080018bd   Thumb Code    18  stm32f4xx_tim.o(.text)
    TIM_CtrlPWMOutputs                       0x080018cf   Thumb Code    30  stm32f4xx_tim.o(.text)
    TIM_SelectCOM                            0x080018ed   Thumb Code    24  stm32f4xx_tim.o(.text)
    TIM_CCPreloadControl                     0x08001905   Thumb Code    24  stm32f4xx_tim.o(.text)
    TIM_ITConfig                             0x0800191d   Thumb Code    18  stm32f4xx_tim.o(.text)
    TIM_GenerateEvent                        0x0800192f   Thumb Code     4  stm32f4xx_tim.o(.text)
    TIM_GetFlagStatus                        0x08001933   Thumb Code    18  stm32f4xx_tim.o(.text)
    TIM_ClearFlag                            0x08001945   Thumb Code     6  stm32f4xx_tim.o(.text)
    TIM_GetITStatus                          0x0800194b   Thumb Code    34  stm32f4xx_tim.o(.text)
    TIM_ClearITPendingBit                    0x0800196d   Thumb Code     6  stm32f4xx_tim.o(.text)
    TIM_DMAConfig                            0x08001973   Thumb Code    10  stm32f4xx_tim.o(.text)
    TIM_DMACmd                               0x0800197d   Thumb Code    18  stm32f4xx_tim.o(.text)
    TIM_SelectCCDMA                          0x0800198f   Thumb Code    24  stm32f4xx_tim.o(.text)
    TIM_InternalClockConfig                  0x080019a7   Thumb Code    12  stm32f4xx_tim.o(.text)
    TIM_SelectInputTrigger                   0x080019b3   Thumb Code    18  stm32f4xx_tim.o(.text)
    TIM_ITRxExternalClockConfig              0x080019c5   Thumb Code    24  stm32f4xx_tim.o(.text)
    TIM_TIxExternalClockConfig               0x080019dd   Thumb Code    62  stm32f4xx_tim.o(.text)
    TIM_ETRConfig                            0x08001a1b   Thumb Code    28  stm32f4xx_tim.o(.text)
    TIM_ETRClockMode1Config                  0x08001a37   Thumb Code    54  stm32f4xx_tim.o(.text)
    TIM_ETRClockMode2Config                  0x08001a6d   Thumb Code    32  stm32f4xx_tim.o(.text)
    TIM_SelectOutputTrigger                  0x08001a8d   Thumb Code    18  stm32f4xx_tim.o(.text)
    TIM_SelectSlaveMode                      0x08001a9f   Thumb Code    18  stm32f4xx_tim.o(.text)
    TIM_SelectMasterSlaveMode                0x08001ab1   Thumb Code    18  stm32f4xx_tim.o(.text)
    TIM_EncoderInterfaceConfig               0x08001ac3   Thumb Code    66  stm32f4xx_tim.o(.text)
    TIM_SelectHallSensor                     0x08001b05   Thumb Code    24  stm32f4xx_tim.o(.text)
    TIM_RemapConfig                          0x08001b1d   Thumb Code     6  stm32f4xx_tim.o(.text)
    USART_DeInit                             0x08001b25   Thumb Code   206  stm32f4xx_usart.o(.text)
    USART_Init                               0x08001bf3   Thumb Code   204  stm32f4xx_usart.o(.text)
    USART_StructInit                         0x08001cbf   Thumb Code    24  stm32f4xx_usart.o(.text)
    USART_ClockInit                          0x08001cd7   Thumb Code    32  stm32f4xx_usart.o(.text)
    USART_ClockStructInit                    0x08001cf7   Thumb Code    12  stm32f4xx_usart.o(.text)
    USART_Cmd                                0x08001d03   Thumb Code    24  stm32f4xx_usart.o(.text)
    USART_SetPrescaler                       0x08001d1b   Thumb Code    16  stm32f4xx_usart.o(.text)
    USART_OverSampling8Cmd                   0x08001d2b   Thumb Code    22  stm32f4xx_usart.o(.text)
    USART_OneBitMethodCmd                    0x08001d41   Thumb Code    24  stm32f4xx_usart.o(.text)
    USART_SendData                           0x08001d59   Thumb Code     8  stm32f4xx_usart.o(.text)
    USART_ReceiveData                        0x08001d61   Thumb Code    10  stm32f4xx_usart.o(.text)
    USART_SetAddress                         0x08001d6b   Thumb Code    18  stm32f4xx_usart.o(.text)
    USART_ReceiverWakeUpCmd                  0x08001d7d   Thumb Code    24  stm32f4xx_usart.o(.text)
    USART_WakeUpConfig                       0x08001d95   Thumb Code    18  stm32f4xx_usart.o(.text)
    USART_LINBreakDetectLengthConfig         0x08001da7   Thumb Code    18  stm32f4xx_usart.o(.text)
    USART_LINCmd                             0x08001db9   Thumb Code    24  stm32f4xx_usart.o(.text)
    USART_SendBreak                          0x08001dd1   Thumb Code    10  stm32f4xx_usart.o(.text)
    USART_HalfDuplexCmd                      0x08001ddb   Thumb Code    24  stm32f4xx_usart.o(.text)
    USART_SetGuardTime                       0x08001df3   Thumb Code    16  stm32f4xx_usart.o(.text)
    USART_SmartCardCmd                       0x08001e03   Thumb Code    24  stm32f4xx_usart.o(.text)
    USART_SmartCardNACKCmd                   0x08001e1b   Thumb Code    24  stm32f4xx_usart.o(.text)
    USART_IrDAConfig                         0x08001e33   Thumb Code    18  stm32f4xx_usart.o(.text)
    USART_IrDACmd                            0x08001e45   Thumb Code    24  stm32f4xx_usart.o(.text)
    USART_DMACmd                             0x08001e5d   Thumb Code    18  stm32f4xx_usart.o(.text)
    USART_ITConfig                           0x08001e6f   Thumb Code    74  stm32f4xx_usart.o(.text)
    USART_GetFlagStatus                      0x08001eb9   Thumb Code    26  stm32f4xx_usart.o(.text)
    USART_ClearFlag                          0x08001ed3   Thumb Code    18  stm32f4xx_usart.o(.text)
    USART_GetITStatus                        0x08001ee5   Thumb Code   118  stm32f4xx_usart.o(.text)
    USART_ClearITPendingBit                  0x08001f5b   Thumb Code    30  stm32f4xx_usart.o(.text)
    delay_init                               0x08001f79   Thumb Code    52  delay.o(.text)
    delay_us                                 0x08001fad   Thumb Code    72  delay.o(.text)
    delay_xms                                0x08001ff5   Thumb Code    72  delay.o(.text)
    delay_ms                                 0x0800203d   Thumb Code    56  delay.o(.text)
    BEEP_Init                                0x0800207d   Thumb Code    48  beep.o(.text)
    speed_PID                                0x080020b1   Thumb Code    96  command.o(.text)
    com_PID                                  0x08002111   Thumb Code   160  command.o(.text)
    servo_bla                                0x080021b1   Thumb Code  2630  command.o(.text)
    Car_run_1                                0x08002bf7   Thumb Code   132  command.o(.text)
    Car_run_2                                0x08002c7b   Thumb Code   394  command.o(.text)
    Car_run_3                                0x08002e05   Thumb Code   138  command.o(.text)
    Car_run_4                                0x08002e8f   Thumb Code   318  command.o(.text)
    Car_run_5                                0x08002fcd   Thumb Code   138  command.o(.text)
    Car_run_6                                0x08003057   Thumb Code   384  command.o(.text)
    Car_run_7                                0x080031d7   Thumb Code   138  command.o(.text)
    Car_run_8                                0x08003261   Thumb Code   318  command.o(.text)
    Car_run_9                                0x0800339f   Thumb Code   138  command.o(.text)
    Car_run_10                               0x08003429   Thumb Code   350  command.o(.text)
    Car_run_11                               0x08003587   Thumb Code   308  command.o(.text)
    Car_run_12                               0x080036bb   Thumb Code   160  command.o(.text)
    location_pid_set                         0x08003791   Thumb Code   264  bsp_pid.o(.text)
    speed_pid_set                            0x08003899   Thumb Code   264  bsp_pid.o(.text)
    blance_pid                               0x080039a1   Thumb Code    84  bsp_pid.o(.text)
    blance_pid_hor                           0x080039f5   Thumb Code   120  bsp_pid.o(.text)
    motor_Init                               0x08003aa1   Thumb Code    62  motor.o(.text)
    motor_scare                              0x08003adf   Thumb Code    28  motor.o(.text)
    value                                    0x08003afb   Thumb Code    14  motor.o(.text)
    motion                                   0x08003b09   Thumb Code   280  motor.o(.text)
    TIM9_PWM_AB_Init                         0x08003c49   Thumb Code   178  m_pwm.o(.text)
    TIM10_PWMC_Init                          0x08003cfb   Thumb Code   154  m_pwm.o(.text)
    TIM11_PWMD_Init                          0x08003d95   Thumb Code   154  m_pwm.o(.text)
    Ultra_Init                               0x08003e45   Thumb Code   168  ult.o(.text)
    Sonic_Get_Distance                       0x08003eed   Thumb Code  1376  ult.o(.text)
    TIM5_Sonic_Cap_Init                      0x0800444d   Thumb Code   288  ult.o(.text)
    TIM1_Sonic_Cap_Init                      0x0800456d   Thumb Code   358  ult.o(.text)
    TIM5_IRQHandler                          0x080046d3   Thumb Code   778  ult.o(.text)
    TIM1_CC_IRQHandler                       0x080049dd   Thumb Code   802  ult.o(.text)
    Ultrasonic_Trig_Start                    0x08004cff   Thumb Code   200  ult.o(.text)
    Ultrasonic_Trig_end                      0x08004dc7   Thumb Code    78  ult.o(.text)
    Ultra_Test1                              0x08004e15   Thumb Code   196  ult.o(.text)
    center_L                                 0x08004ed9   Thumb Code    18  ult.o(.text)
    meanFilter                               0x08004f11   Thumb Code   100  filter.o(.text)
    meanFilter1                              0x08004f75   Thumb Code    90  filter.o(.text)
    enhanceMeanFilter                        0x08004fcf   Thumb Code   190  filter.o(.text)
    Average_Filter                           0x0800508d   Thumb Code   134  filter.o(.text)
    Enaverage_Filter                         0x08005113   Thumb Code   234  filter.o(.text)
    TIM2_Init                                0x08005211   Thumb Code   284  servo.o(.text)
    Time8_Servo_Init                         0x0800532d   Thumb Code   218  servo.o(.text)
    conversion_CNT                           0x08005407   Thumb Code    64  servo.o(.text)
    Set_angle                                0x08005447   Thumb Code    88  servo.o(.text)
    single_set                               0x0800549f   Thumb Code    84  servo.o(.text)
    pill_Servo                               0x080054f3   Thumb Code    44  servo.o(.text)
    single_servo_steer                       0x0800551f   Thumb Code   332  servo.o(.text)
    together_servo_steer                     0x0800566b   Thumb Code   144  servo.o(.text)
    set_balance_angle                        0x080056fb   Thumb Code   456  servo.o(.text)
    TIM3_Encoder_Init                        0x080058d1   Thumb Code   168  encode.o(.text)
    TIM4_Encoder_Init                        0x08005979   Thumb Code   170  encode.o(.text)
    Read_Encoder_cnt                         0x08005a23   Thumb Code    60  encode.o(.text)
    Solve_EncoData                           0x08005a5f   Thumb Code   110  encode.o(.text)
    sum_Read_Encoder_cnt                     0x08005acd   Thumb Code    78  encode.o(.text)
    IO_Init                                  0x08005b49   Thumb Code    56  switch.o(.text)
    KEY_Init                                 0x08005b85   Thumb Code    42  key.o(.text)
    KEY_Scan                                 0x08005baf   Thumb Code   152  key.o(.text)
    KEY_Scan_2                               0x08005c47   Thumb Code   152  key.o(.text)
    KEY_Scan_3                               0x08005cdf   Thumb Code   152  key.o(.text)
    choose_servo                             0x08005d77   Thumb Code   942  key.o(.text)
    LED_Init                                 0x08006135   Thumb Code    50  led.o(.text)
    TIM7_init                                0x0800616d   Thumb Code    84  timer.o(.text)
    TIM7_IRQHandler                          0x080061c1   Thumb Code   418  timer.o(.text)
    TIM13_init                               0x08006363   Thumb Code    86  timer.o(.text)
    TIM8_UP_TIM13_IRQHandler                 0x080063b9   Thumb Code    28  timer.o(.text)
    OLED_WR_Byte                             0x08006415   Thumb Code   126  oled.o(.text)
    OLED_ColorTurn                           0x08006493   Thumb Code    28  oled.o(.text)
    OLED_DisplayTurn                         0x080064af   Thumb Code    44  oled.o(.text)
    OLED_DisPlay_On                          0x080064db   Thumb Code    28  oled.o(.text)
    OLED_DisPlay_Off                         0x080064f7   Thumb Code    28  oled.o(.text)
    OLED_Refresh                             0x08006513   Thumb Code    70  oled.o(.text)
    OLED_Clear                               0x08006559   Thumb Code    42  oled.o(.text)
    OLED_DrawPoint                           0x08006583   Thumb Code   114  oled.o(.text)
    OLED_DrawLine                            0x080065f5   Thumb Code   172  oled.o(.text)
    OLED_DrawCircle                          0x080066a1   Thumb Code   168  oled.o(.text)
    OLED_ShowChar                            0x08006749   Thumb Code   326  oled.o(.text)
    OLED_ShowString                          0x0800688f   Thumb Code    74  oled.o(.text)
    OLED_Pow                                 0x080068d9   Thumb Code    22  oled.o(.text)
    OLED_ShowNum                             0x080068ef   Thumb Code   140  oled.o(.text)
    OLED_ShowIntNum                          0x0800697b   Thumb Code    90  oled.o(.text)
    OLED_Show3FNum                           0x080069d5   Thumb Code   672  oled.o(.text)
    OLED_ShowChinese                         0x08006c75   Thumb Code   244  oled.o(.text)
    OLED_ScrollDisplay                       0x08006d69   Thumb Code   202  oled.o(.text)
    OLED_ShowPicture                         0x08006e33   Thumb Code   214  oled.o(.text)
    OLED_Init                                0x08006f09   Thumb Code   362  oled.o(.text)
    Initial_UART1                            0x08007081   Thumb Code   162  uart1.o(.text)
    UART1_Put_Char                           0x08007123   Thumb Code    34  uart1.o(.text)
    UART1_Put_String                         0x08007145   Thumb Code    46  uart1.o(.text)
    fputc                                    0x08007173   Thumb Code    22  uart1.o(.text)
    USART1_IRQHandler                        0x08007189   Thumb Code   116  uart1.o(.text)
    Initial_UART2                            0x08007211   Thumb Code   162  uart2.o(.text)
    USART2_IRQHandler                        0x080072b3   Thumb Code   118  uart2.o(.text)
    UART2_Put_Char                           0x08007329   Thumb Code    34  uart2.o(.text)
    UART2_Put_String                         0x0800734b   Thumb Code    46  uart2.o(.text)
    uart3_init                               0x0800738d   Thumb Code   164  uart3.o(.text)
    USART3_IRQHandler                        0x08007431   Thumb Code    36  uart3.o(.text)
    usart3_fangliao                          0x08007455   Thumb Code    62  uart3.o(.text)
    uart4_init                               0x080074ad   Thumb Code   166  uart4.o(.text)
    UART4_IRQHandler                         0x08007553   Thumb Code    36  uart4.o(.text)
    usart4_fangliao                          0x08007577   Thumb Code    62  uart4.o(.text)
    sendcmd                                  0x080075cd   Thumb Code    24  dictionary.o(.text)
    CopeSerial2Data                          0x080075e5   Thumb Code   236  dictionary.o(.text)
    CopeSerial1Data                          0x080076d1   Thumb Code    12  dictionary.o(.text)
    TLY_init                                 0x080076dd   Thumb Code    28  dictionary.o(.text)
    tly                                      0x080076f9   Thumb Code    16  dictionary.o(.text)
    ALL_Init                                 0x08007741   Thumb Code   146  variable.o(.text)
    __aeabi_ldivmod                          0x080077d3   Thumb Code    98  ldiv.o(.text)
    __aeabi_dadd                             0x08007835   Thumb Code   322  dadd.o(.text)
    __aeabi_dsub                             0x08007977   Thumb Code     6  dadd.o(.text)
    __aeabi_drsub                            0x0800797d   Thumb Code     6  dadd.o(.text)
    __aeabi_dmul                             0x08007983   Thumb Code   228  dmul.o(.text)
    __aeabi_ddiv                             0x08007a67   Thumb Code   222  ddiv.o(.text)
    __aeabi_i2d                              0x08007b45   Thumb Code    34  dflti.o(.text)
    __aeabi_d2iz                             0x08007b67   Thumb Code    62  dfixi.o(.text)
    __aeabi_f2d                              0x08007ba5   Thumb Code    38  f2d.o(.text)
    __aeabi_uldivmod                         0x08007bcb   Thumb Code    98  uldiv.o(.text)
    __aeabi_llsl                             0x08007c2d   Thumb Code    30  llshl.o(.text)
    _ll_shift_l                              0x08007c2d   Thumb Code     0  llshl.o(.text)
    __aeabi_llsr                             0x08007c4b   Thumb Code    32  llushr.o(.text)
    _ll_ushift_r                             0x08007c4b   Thumb Code     0  llushr.o(.text)
    __aeabi_lasr                             0x08007c6b   Thumb Code    36  llsshr.o(.text)
    _ll_sshift_r                             0x08007c6b   Thumb Code     0  llsshr.o(.text)
    __I$use$fp                               0x08007c8f   Thumb Code     0  iusefp.o(.text)
    _double_round                            0x08007c8f   Thumb Code    30  depilogue.o(.text)
    _double_epilogue                         0x08007cad   Thumb Code   156  depilogue.o(.text)
    __scatterload                            0x08007d49   Thumb Code    28  init.o(.text)
    __scatterload_rt2                        0x08007d49   Thumb Code     0  init.o(.text)
    __decompress                             0x08007d6d   Thumb Code     0  __dczerorl2.o(.text)
    __decompress1                            0x08007d6d   Thumb Code    86  __dczerorl2.o(.text)
    __scatterload_copy                       0x08007dc3   Thumb Code    14  handlers.o(i.__scatterload_copy)
    __scatterload_null                       0x08007dd1   Thumb Code     2  handlers.o(i.__scatterload_null)
    __scatterload_zeroinit                   0x08007dd3   Thumb Code    14  handlers.o(i.__scatterload_zeroinit)
    asc2_0806                                0x08007de0   Data         552  oled.o(.constdata)
    asc2_1206                                0x08008008   Data        1140  oled.o(.constdata)
    asc2_1608                                0x0800847c   Data        1520  oled.o(.constdata)
    asc2_2412                                0x08008a6c   Data        3420  oled.o(.constdata)
    Hzk1                                     0x080097c8   Data         512  oled.o(.constdata)
    Hzk2                                     0x080099c8   Data          72  oled.o(.constdata)
    Hzk3                                     0x08009a10   Data         128  oled.o(.constdata)
    Hzk4                                     0x08009a90   Data         512  oled.o(.constdata)
    Region$$Table$$Base                      0x08009c90   Number         0  anon$$obj.o(Region$$Table)
    Region$$Table$$Limit                     0x08009cb0   Number         0  anon$$obj.o(Region$$Table)
    flag                                     0x20000000   Data           4  main.o(.data)
    code                                     0x20000004   Data           4  main.o(.data)
    SystemCoreClock                          0x20000008   Data           4  system_stm32f4xx.o(.data)
    AHBPrescTable                            0x2000000c   Data          16  system_stm32f4xx.o(.data)
    N_servo                                  0x20000030   Data           4  command.o(.data)
    pos                                      0x20000034   Data           4  command.o(.data)
    servo_handle                             0x20000038   Data           8  command.o(.data)
    TIM5CH1_CAPTURE_STA                      0x20000040   Data           1  ult.o(.data)
    TIM5CH1_CAPTURE_VAL                      0x20000044   Data           4  ult.o(.data)
    TIM5CH2_CAPTURE_STA                      0x20000048   Data           1  ult.o(.data)
    TIM5CH2_CAPTURE_VAL                      0x2000004c   Data           4  ult.o(.data)
    TIM5CH3_CAPTURE_STA                      0x20000050   Data           1  ult.o(.data)
    TIM5CH3_CAPTURE_VAL                      0x20000054   Data           4  ult.o(.data)
    TIM5CH4_CAPTURE_STA                      0x20000058   Data           1  ult.o(.data)
    TIM5CH4_CAPTURE_VAL                      0x2000005c   Data           4  ult.o(.data)
    TIM1CH1_CAPTURE_STA                      0x20000060   Data           1  ult.o(.data)
    TIM1CH1_CAPTURE_VAL                      0x20000064   Data           4  ult.o(.data)
    TIM1CH2_CAPTURE_STA                      0x20000068   Data           1  ult.o(.data)
    TIM1CH2_CAPTURE_VAL                      0x2000006c   Data           4  ult.o(.data)
    TIM1CH3_CAPTURE_STA                      0x20000070   Data           1  ult.o(.data)
    TIM1CH3_CAPTURE_VAL                      0x20000074   Data           4  ult.o(.data)
    TIM1CH4_CAPTURE_STA                      0x20000078   Data           1  ult.o(.data)
    TIM1CH4_CAPTURE_VAL                      0x2000007c   Data           4  ult.o(.data)
    temp_1                                   0x20000080   Data           8  ult.o(.data)
    temp_2                                   0x20000088   Data           8  ult.o(.data)
    temp_3                                   0x20000090   Data           8  ult.o(.data)
    temp_4                                   0x20000098   Data           8  ult.o(.data)
    temp_5                                   0x200000a0   Data           8  ult.o(.data)
    temp_6                                   0x200000a8   Data           8  ult.o(.data)
    temp_7                                   0x200000b0   Data           8  ult.o(.data)
    temp_8                                   0x200000b8   Data           8  ult.o(.data)
    TEMPA_1                                  0x200000c0   Data           8  ult.o(.data)
    TEMPA_2                                  0x200000c8   Data           8  ult.o(.data)
    TEMPA_3                                  0x200000d0   Data           8  ult.o(.data)
    TEMPA_4                                  0x200000d8   Data           8  ult.o(.data)
    TEMPA_5                                  0x200000e0   Data           8  ult.o(.data)
    TEMPA_6                                  0x200000e8   Data           8  ult.o(.data)
    TEMPA_7                                  0x200000f0   Data           8  ult.o(.data)
    TEMPA_8                                  0x200000f8   Data           8  ult.o(.data)
    TIM3_sumcode                             0x20000108   Data           4  encode.o(.data)
    TIM4_sumcode                             0x2000010c   Data           4  encode.o(.data)
    Encoder_Timer3_sum                       0x2000012c   Data           4  timer.o(.data)
    Encoder_Timer4_sum                       0x20000130   Data           4  timer.o(.data)
    PID_value                                0x20000134   Data           4  timer.o(.data)
    empt                                     0x20000138   Data           4  timer.o(.data)
    QR_code                                  0x2000013c   Data           1  uart1.o(.data)
    USART3_RX_STA                            0x20000144   Data           2  uart3.o(.data)
    openmv                                   0x20000148   Data           4  uart3.o(.data)
    y                                        0x2000014c   Data           4  uart3.o(.data)
    UART4_RX_STA                             0x20000150   Data           2  uart4.o(.data)
    openmv1                                  0x20000154   Data           4  uart4.o(.data)
    flag_openmv                              0x20000158   Data           4  uart4.o(.data)
    x                                        0x2000015c   Data           4  uart4.o(.data)
    stcTime                                  0x20000160   Data           8  dictionary.o(.data)
    stcAcc                                   0x20000168   Data           8  dictionary.o(.data)
    stcGyro                                  0x20000170   Data           8  dictionary.o(.data)
    stcAngle                                 0x20000178   Data           8  dictionary.o(.data)
    stcMag                                   0x20000180   Data           8  dictionary.o(.data)
    stcDStatus                               0x20000188   Data           8  dictionary.o(.data)
    stcPress                                 0x20000190   Data           8  dictionary.o(.data)
    stcLonLat                                0x20000198   Data           8  dictionary.o(.data)
    stcGPSV                                  0x200001a0   Data           8  dictionary.o(.data)
    stcQ                                     0x200001a8   Data           8  dictionary.o(.data)
    ACCCALSW                                 0x200001b0   Data           5  dictionary.o(.data)
    SAVACALSW                                0x200001b5   Data           5  dictionary.o(.data)
    Sonic_Dis                                0x200001bc   Data          16  ult.o(.bss)
    SonicA1_Filter                           0x200001cc   Data          36  ult.o(.bss)
    SonicA2_Filter                           0x200001f0   Data          36  ult.o(.bss)
    SonicA3_Filter                           0x20000214   Data          36  ult.o(.bss)
    SonicA4_Filter                           0x20000238   Data          36  ult.o(.bss)
    SonicA5_Filter                           0x2000025c   Data          36  ult.o(.bss)
    SonicA6_Filter                           0x20000280   Data          36  ult.o(.bss)
    SonicA7_Filter                           0x200002a4   Data          36  ult.o(.bss)
    SonicA8_Filter                           0x200002c8   Data          36  ult.o(.bss)
    encode                                   0x200002ec   Data          16  encode.o(.bss)
    Encoders                                 0x200002fc   Data          24  encode.o(.bss)
    OLED_GRAM                                0x20000314   Data        1152  oled.o(.bss)
    __initial_sp                             0x20000e90   Data           0  startup_stm32f40_41xxx.o(STACK)



==============================================================================

Memory Map of the image

  Image Entry point : 0x08000189

  Load Region LR_IROM1 (Base: 0x08000000, Size: 0x00009e6c, Max: 0x00100000, ABSOLUTE, COMPRESSED[0x00009cd4])

    Execution Region ER_IROM1 (Exec base: 0x08000000, Load base: 0x08000000, Size: 0x00009cb0, Max: 0x00100000, ABSOLUTE)

    Exec Addr    Load Addr    Size         Type   Attr      Idx    E Section Name        Object

    0x08000000   0x08000000   0x00000188   Data   RO          295    RESET               startup_stm32f40_41xxx.o
    0x08000188   0x08000188   0x00000000   Code   RO         1546  * .ARM.Collect$$$$00000000  mc_w.l(entry.o)
    0x08000188   0x08000188   0x00000004   Code   RO         1563    .ARM.Collect$$$$00000001  mc_w.l(entry2.o)
    0x0800018c   0x0800018c   0x00000004   Code   RO         1566    .ARM.Collect$$$$00000004  mc_w.l(entry5.o)
    0x08000190   0x08000190   0x00000000   Code   RO         1568    .ARM.Collect$$$$00000008  mc_w.l(entry7b.o)
    0x08000190   0x08000190   0x00000000   Code   RO         1570    .ARM.Collect$$$$0000000A  mc_w.l(entry8b.o)
    0x08000190   0x08000190   0x00000008   Code   RO         1571    .ARM.Collect$$$$0000000B  mc_w.l(entry9a.o)
    0x08000198   0x08000198   0x00000004   Code   RO         1578    .ARM.Collect$$$$0000000E  mc_w.l(entry12b.o)
    0x0800019c   0x0800019c   0x00000000   Code   RO         1573    .ARM.Collect$$$$0000000F  mc_w.l(entry10a.o)
    0x0800019c   0x0800019c   0x00000000   Code   RO         1575    .ARM.Collect$$$$00000011  mc_w.l(entry11a.o)
    0x0800019c   0x0800019c   0x00000004   Code   RO         1564    .ARM.Collect$$$$00002712  mc_w.l(entry2.o)
    0x080001a0   0x080001a0   0x000000c0   Code   RO            3    .text               main.o
    0x08000260   0x08000260   0x0000001a   Code   RO          220    .text               stm32f4xx_it.o
    0x0800027a   0x0800027a   0x00000002   PAD
    0x0800027c   0x0800027c   0x00000210   Code   RO          269    .text               system_stm32f4xx.o
    0x0800048c   0x0800048c   0x00000024   Code   RO          296    .text               startup_stm32f40_41xxx.o
    0x080004b0   0x080004b0   0x000000e0   Code   RO          302    .text               misc.o
    0x08000590   0x08000590   0x00000294   Code   RO          651    .text               stm32f4xx_gpio.o
    0x08000824   0x08000824   0x0000065c   Code   RO          814    .text               stm32f4xx_rcc.o
    0x08000e80   0x08000e80   0x00000ca2   Code   RO          959    .text               stm32f4xx_tim.o
    0x08001b22   0x08001b22   0x00000002   PAD
    0x08001b24   0x08001b24   0x00000454   Code   RO          979    .text               stm32f4xx_usart.o
    0x08001f78   0x08001f78   0x00000104   Code   RO         1019    .text               delay.o
    0x0800207c   0x0800207c   0x00000034   Code   RO         1059    .text               beep.o
    0x080020b0   0x080020b0   0x000016e0   Code   RO         1079    .text               command.o
    0x08003790   0x08003790   0x00000310   Code   RO         1116    .text               bsp_pid.o
    0x08003aa0   0x08003aa0   0x000001a8   Code   RO         1136    .text               motor.o
    0x08003c48   0x08003c48   0x000001fc   Code   RO         1156    .text               m_pwm.o
    0x08003e44   0x08003e44   0x000010cc   Code   RO         1176    .text               ult.o
    0x08004f10   0x08004f10   0x00000300   Code   RO         1202    .text               filter.o
    0x08005210   0x08005210   0x000006c0   Code   RO         1217    .text               servo.o
    0x080058d0   0x080058d0   0x00000278   Code   RO         1237    .text               encode.o
    0x08005b48   0x08005b48   0x0000003c   Code   RO         1265    .text               switch.o
    0x08005b84   0x08005b84   0x000005b0   Code   RO         1285    .text               key.o
    0x08006134   0x08006134   0x00000038   Code   RO         1306    .text               led.o
    0x0800616c   0x0800616c   0x000002a8   Code   RO         1326    .text               timer.o
    0x08006414   0x08006414   0x00000c6c   Code   RO         1353    .text               oled.o
    0x08007080   0x08007080   0x00000190   Code   RO         1380    .text               uart1.o
    0x08007210   0x08007210   0x0000017c   Code   RO         1404    .text               uart2.o
    0x0800738c   0x0800738c   0x00000120   Code   RO         1427    .text               uart3.o
    0x080074ac   0x080074ac   0x00000120   Code   RO         1451    .text               uart4.o
    0x080075cc   0x080075cc   0x00000174   Code   RO         1480    .text               dictionary.o
    0x08007740   0x08007740   0x00000092   Code   RO         1511    .text               variable.o
    0x080077d2   0x080077d2   0x00000062   Code   RO         1549    .text               mc_w.l(ldiv.o)
    0x08007834   0x08007834   0x0000014e   Code   RO         1551    .text               mf_w.l(dadd.o)
    0x08007982   0x08007982   0x000000e4   Code   RO         1553    .text               mf_w.l(dmul.o)
    0x08007a66   0x08007a66   0x000000de   Code   RO         1555    .text               mf_w.l(ddiv.o)
    0x08007b44   0x08007b44   0x00000022   Code   RO         1557    .text               mf_w.l(dflti.o)
    0x08007b66   0x08007b66   0x0000003e   Code   RO         1559    .text               mf_w.l(dfixi.o)
    0x08007ba4   0x08007ba4   0x00000026   Code   RO         1561    .text               mf_w.l(f2d.o)
    0x08007bca   0x08007bca   0x00000062   Code   RO         1579    .text               mc_w.l(uldiv.o)
    0x08007c2c   0x08007c2c   0x0000001e   Code   RO         1581    .text               mc_w.l(llshl.o)
    0x08007c4a   0x08007c4a   0x00000020   Code   RO         1583    .text               mc_w.l(llushr.o)
    0x08007c6a   0x08007c6a   0x00000024   Code   RO         1585    .text               mc_w.l(llsshr.o)
    0x08007c8e   0x08007c8e   0x00000000   Code   RO         1587    .text               mc_w.l(iusefp.o)
    0x08007c8e   0x08007c8e   0x000000ba   Code   RO         1588    .text               mf_w.l(depilogue.o)
    0x08007d48   0x08007d48   0x00000024   Code   RO         1590    .text               mc_w.l(init.o)
    0x08007d6c   0x08007d6c   0x00000056   Code   RO         1600    .text               mc_w.l(__dczerorl2.o)
    0x08007dc2   0x08007dc2   0x0000000e   Code   RO         1594    i.__scatterload_copy  mc_w.l(handlers.o)
    0x08007dd0   0x08007dd0   0x00000002   Code   RO         1595    i.__scatterload_null  mc_w.l(handlers.o)
    0x08007dd2   0x08007dd2   0x0000000e   Code   RO         1596    i.__scatterload_zeroinit  mc_w.l(handlers.o)
    0x08007de0   0x08007de0   0x00001eb0   Data   RO         1355    .constdata          oled.o
    0x08009c90   0x08009c90   0x00000020   Data   RO         1592    Region$$Table       anon$$obj.o


    Execution Region RW_IRAM1 (Exec base: 0x20000000, Load base: 0x08009cb0, Size: 0x00000e90, Max: 0x00020000, ABSOLUTE, COMPRESSED[0x00000024])

    Exec Addr    Load Addr    Size         Type   Attr      Idx    E Section Name        Object

    0x20000000   COMPRESSED   0x00000008   Data   RW            4    .data               main.o
    0x20000008   COMPRESSED   0x00000014   Data   RW          270    .data               system_stm32f4xx.o
    0x2000001c   COMPRESSED   0x00000010   Data   RW          815    .data               stm32f4xx_rcc.o
    0x2000002c   COMPRESSED   0x00000004   Data   RW         1020    .data               delay.o
    0x20000030   COMPRESSED   0x00000010   Data   RW         1080    .data               command.o
    0x20000040   COMPRESSED   0x000000c0   Data   RW         1178    .data               ult.o
    0x20000100   COMPRESSED   0x00000008   Data   RW         1203    .data               filter.o
    0x20000108   COMPRESSED   0x00000008   Data   RW         1239    .data               encode.o
    0x20000110   COMPRESSED   0x0000001c   Data   RW         1286    .data               key.o
    0x2000012c   COMPRESSED   0x00000010   Data   RW         1327    .data               timer.o
    0x2000013c   COMPRESSED   0x00000003   Data   RW         1382    .data               uart1.o
    0x2000013f   COMPRESSED   0x00000002   Data   RW         1406    .data               uart2.o
    0x20000141   COMPRESSED   0x00000003   PAD
    0x20000144   COMPRESSED   0x0000000c   Data   RW         1429    .data               uart3.o
    0x20000150   COMPRESSED   0x00000010   Data   RW         1453    .data               uart4.o
    0x20000160   COMPRESSED   0x0000005b   Data   RW         1482    .data               dictionary.o
    0x200001bb   COMPRESSED   0x00000001   PAD
    0x200001bc        -       0x00000130   Zero   RW         1177    .bss                ult.o
    0x200002ec        -       0x00000028   Zero   RW         1238    .bss                encode.o
    0x20000314        -       0x00000480   Zero   RW         1354    .bss                oled.o
    0x20000794        -       0x00000100   Zero   RW         1381    .bss                uart1.o
    0x20000894        -       0x00000100   Zero   RW         1405    .bss                uart2.o
    0x20000994        -       0x000000fa   Zero   RW         1481    .bss                dictionary.o
    0x20000a8e   COMPRESSED   0x00000002   PAD
    0x20000a90        -       0x00000400   Zero   RW          293    STACK               startup_stm32f40_41xxx.o


==============================================================================

Image component sizes


      Code (inc. data)   RO Data    RW Data    ZI Data      Debug   Object Name

        52          4          0          0          0        592   beep.o
       784         52          0          0          0       2271   bsp_pid.o
      5856        272          0         16          0       7696   command.o
       260          8          0          4          0       1617   delay.o
       372         66          0         91        250       2834   dictionary.o
       632         46          0          8         40       2351   encode.o
       768         20          0          8          0       3107   filter.o
      1456         70          0         28          0       2143   key.o
        56          6          0          0          0        587   led.o
       508         22          0          0          0       1447   m_pwm.o
       192          8          0          8          0     290939   main.o
       224         20          0          0          0       1953   misc.o
       424         40          0          0          0       1546   motor.o
      3180         74       7856          0       1152      10167   oled.o
      1728         46          0          0          0       4086   servo.o
        36          8        392          0       1024        868   startup_stm32f40_41xxx.o
       660         44          0          0          0       4297   stm32f4xx_gpio.o
        26          0          0          0          0       1290   stm32f4xx_it.o
      1628         52          0         16          0      13236   stm32f4xx_rcc.o
      3234         60          0          0          0      23152   stm32f4xx_tim.o
      1108         34          0          0          0       8020   stm32f4xx_usart.o
        60          4          0          0          0        654   switch.o
       528         46          0         20          0       1983   system_stm32f4xx.o
       680         64          0         16          0       1971   timer.o
       400         20          0          3        256       2550   uart1.o
       380         20          0          2        256       2330   uart2.o
       288         26          0         12          0       2014   uart3.o
       288         24          0         16          0       2080   uart4.o
      4300        300          0        192        304       6306   ult.o
       146          0          0          0          0        627   variable.o

    ----------------------------------------------------------------------
     30258       1456       8280        444       3284     404714   Object Totals
         0          0         32          0          0          0   (incl. Generated)
         4          0          0          4          2          0   (incl. Padding)

    ----------------------------------------------------------------------

      Code (inc. data)   RO Data    RW Data    ZI Data      Debug   Library Member Name

        86          0          0          0          0          0   __dczerorl2.o
         0          0          0          0          0          0   entry.o
         0          0          0          0          0          0   entry10a.o
         0          0          0          0          0          0   entry11a.o
         4          0          0          0          0          0   entry12b.o
         8          4          0          0          0          0   entry2.o
         4          0          0          0          0          0   entry5.o
         0          0          0          0          0          0   entry7b.o
         0          0          0          0          0          0   entry8b.o
         8          4          0          0          0          0   entry9a.o
        30          0          0          0          0          0   handlers.o
        36          8          0          0          0         68   init.o
         0          0          0          0          0          0   iusefp.o
        98          0          0          0          0         84   ldiv.o
        30          0          0          0          0         68   llshl.o
        36          0          0          0          0         68   llsshr.o
        32          0          0          0          0         68   llushr.o
        98          0          0          0          0         92   uldiv.o
       334          0          0          0          0        148   dadd.o
       222          0          0          0          0        100   ddiv.o
       186          0          0          0          0        176   depilogue.o
        62          0          0          0          0         80   dfixi.o
        34          0          0          0          0         76   dflti.o
       228          0          0          0          0         96   dmul.o
        38          0          0          0          0         68   f2d.o

    ----------------------------------------------------------------------
      1574         16          0          0          0       1192   Library Totals
         0          0          0          0          0          0   (incl. Padding)

    ----------------------------------------------------------------------

      Code (inc. data)   RO Data    RW Data    ZI Data      Debug   Library Name

       470         16          0          0          0        448   mc_w.l
      1104          0          0          0          0        744   mf_w.l

    ----------------------------------------------------------------------
      1574         16          0          0          0       1192   Library Totals

    ----------------------------------------------------------------------

==============================================================================


      Code (inc. data)   RO Data    RW Data    ZI Data      Debug   

     31832       1472       8280        444       3284     401370   Grand Totals
     31832       1472       8280         36       3284     401370   ELF Image Totals (compressed)
     31832       1472       8280         36          0          0   ROM Totals

==============================================================================

    Total RO  Size (Code + RO Data)                40112 (  39.17kB)
    Total RW  Size (RW Data + ZI Data)              3728 (   3.64kB)
    Total ROM Size (Code + RO Data + RW Data)      40148 (  39.21kB)

==============================================================================

